../Core/Src/FEB_SM.c:95:13:fault	56	static
../Core/Src/FEB_SM.c:389:13:BMSFaultTransition	0	static
../Core/Src/FEB_SM.c:393:13:BSPDFaultTransition	0	static
../Core/Src/FEB_SM.c:397:13:IMDFaultTransition	0	static
../Core/Src/FEB_SM.c:401:13:ChargingFaultTransition	0	static
../Core/Src/FEB_SM.c:107:20:updateStateProtected.isra	0	static
../Core/Src/FEB_SM.c:194:13:PrechargeTransition	48	static
../Core/Src/FEB_SM.c:300:13:FreeTransition	16	static
../Core/Src/FEB_SM.c:134:13:LVPowerTransition	16	static
../Core/Src/FEB_SM.c:159:13:ESCCompleteTransition	48	static
../Core/Src/FEB_SM.c:233:13:EnergizedTransition	40	static
../Core/Src/FEB_SM.c:267:13:DriveTransition	40	static
../Core/Src/FEB_SM.c:332:13:ChargingTransition	32	static
../Core/Src/FEB_SM.c:357:13:BalanceTransition	32	static
../Core/Src/FEB_SM.c:116:13:bootTransition	0	static
../Core/Src/FEB_SM.c:54:6:FEB_SM_Init	48	static
../Core/Src/FEB_SM.c:74:13:FEB_SM_Get_Current_State	0	static
../Core/Src/FEB_SM.c:82:6:FEB_SM_Transition	8	static
../Core/Src/FEB_SM.c:87:6:FEB_SM_Process	8	static
