../Core/Src/FEB_ADBMS6830B.c:72:6:FEB_ADBMS_Init	8	static
../Core/Src/FEB_ADBMS6830B.c:108:6:start_adc_cell_voltage_measurements	16	static
../Core/Src/FEB_ADBMS6830B.c:115:6:read_cell_voltages	8	static
../Core/Src/FEB_ADBMS6830B.c:122:6:store_cell_voltages	48	static
../Core/Src/FEB_ADBMS6830B.c:139:6:validate_voltages	8	static
../Core/Src/FEB_ADBMS6830B.c:85:6:FEB_ADBMS_Voltage_Process	8	static
../Core/Src/FEB_ADBMS6830B.c:151:6:configure_gpio_bits	64	static
../Core/Src/FEB_ADBMS6830B.c:168:6:start_aux_voltage_measurements	8	static
../Core/Src/FEB_ADBMS6830B.c:173:6:read_aux_voltages	0	static
../Core/Src/FEB_ADBMS6830B.c:177:6:store_cell_temps	40	static
../Core/Src/FEB_ADBMS6830B.c:97:6:FEB_ADBMS_Temperature_Process	16	static
../Core/Src/FEB_ADBMS6830B.c:206:6:FEB_Stop_Balance	56	static
../Core/Src/FEB_ADBMS6830B.c:218:6:determineMinV	8	static
../Core/Src/FEB_ADBMS6830B.c:232:10:determineDischarge	16	static
../Core/Src/FEB_ADBMS6830B.c:195:6:FEB_Cell_Balance_Process	56	static
../Core/Src/FEB_ADBMS6830B.c:189:6:FEB_Cell_Balance_Start	8	static
