../Core/Src/FEB_ADBMS6830B_Driver.c:3:10:SetOverVoltageThreshold	8	static
../Core/Src/FEB_ADBMS6830B_Driver.c:13:10:SetUnderVoltageThreshold	0	static
../Core/Src/FEB_ADBMS6830B_Driver.c:24:6:ADBMS6830B_init_cfg	32	static
../Core/Src/FEB_ADBMS6830B_Driver.c:49:6:ADBMS6830B_reset_crc_count	0	static
../Core/Src/FEB_ADBMS6830B_Driver.c:97:6:ADBMS6830B_set_cfgr_refon	0	static
../Core/Src/FEB_ADBMS6830B_Driver.c:103:6:ADBMS6830B_set_cfgr_flags	0	static
../Core/Src/FEB_ADBMS6830B_Driver.c:109:6:ADBMS6830B_set_cfgr_cth	20	static
../Core/Src/FEB_ADBMS6830B_Driver.c:121:6:ADBMS6830B_set_cfgr_gpio	16	static
../Core/Src/FEB_ADBMS6830B_Driver.c:141:6:ADBMS6830B_set_cfgr_dis	16	static
../Core/Src/FEB_ADBMS6830B_Driver.c:161:6:ADBMS6830B_set_cfgr_dcto	16	static
../Core/Src/FEB_ADBMS6830B_Driver.c:173:6:ADBMS6830B_set_cfgr_uv	0	static
../Core/Src/FEB_ADBMS6830B_Driver.c:182:6:ADBMS6830B_set_cfgr_ov	0	static
../Core/Src/FEB_ADBMS6830B_Driver.c:74:6:ADBMS6830B_set_cfgr	16	static
../Core/Src/FEB_ADBMS6830B_Driver.c:191:6:ADBMS6830B_init_reg_limits	20	static
../Core/Src/FEB_ADBMS6830B_Driver.c:209:6:ADBMS6830B_adcv	16	static
../Core/Src/FEB_ADBMS6830B_Driver.c:224:10:ADBMS6830B_pollAdc	24	static
../Core/Src/FEB_ADBMS6830B_Driver.c:266:9:ADBMS6830B_rdcv	24	dynamic
../Core/Src/FEB_ADBMS6830B_Driver.c:317:9:ADBMS6830B_rdsv	24	dynamic
../Core/Src/FEB_ADBMS6830B_Driver.c:393:6:ADBMS6830B_wrcfga	24	dynamic
../Core/Src/FEB_ADBMS6830B_Driver.c:415:6:ADBMS6830B_rdcfga	24	static
../Core/Src/FEB_ADBMS6830B_Driver.c:433:6:ADBMS6830B_wrcfgb	272	static
../Core/Src/FEB_ADBMS6830B_Driver.c:453:6:ADBMS6830B_rdcfgb	16	static
../Core/Src/FEB_ADBMS6830B_Driver.c:468:6:ADBMS6830B_adax	16	static
../Core/Src/FEB_ADBMS6830B_Driver.c:480:6:ADBMS6830B_wrpwmga	272	static
../Core/Src/FEB_ADBMS6830B_Driver.c:498:6:ADBMS6830B_rdpwmga	16	static
../Core/Src/FEB_ADBMS6830B_Driver.c:511:6:ADBMS6830B_wrpwmgb	272	static
../Core/Src/FEB_ADBMS6830B_Driver.c:529:6:ADBMS6830B_rdpwmgb	16	static
../Core/Src/FEB_ADBMS6830B_Driver.c:601:6:ADBMS6830B_CLRFLAG	264	static
../Core/Src/FEB_ADBMS6830B_Driver.c:615:6:wakeup_sleep	16	static
../Core/Src/FEB_ADBMS6830B_Driver.c:366:6:ADBMS6830B_wrALL	16	static
../Core/Src/FEB_ADBMS6830B_Driver.c:379:6:ADBMS6830B_rdALL	16	static
../Core/Src/FEB_ADBMS6830B_Driver.c:627:6:ADBMS6830B_check_pec	20	static
../Core/Src/FEB_ADBMS6830B_Driver.c:548:9:ADBMS6830B_rdaux	64	static
