../Drivers/squareline_ui/../lvgl/src/core/lv_obj_style_gen.h:505:24:lv_obj_get_style_opa	24	static
../Drivers/squareline_ui/../lvgl/src/widgets/lv_slider.h:84:20:lv_slider_set_value	24	static
../Drivers/squareline_ui/../lvgl/src/widgets/lv_slider.h:130:23:lv_slider_get_value	16	static
../Drivers/squareline_ui/ui_helpers.c:8:6:_ui_bar_set_property	24	static
../Drivers/squareline_ui/ui_helpers.c:14:6:_ui_basic_set_property	24	static
../Drivers/squareline_ui/ui_helpers.c:22:6:_ui_dropdown_set_property	24	static
../Drivers/squareline_ui/ui_helpers.c:27:6:_ui_image_set_property	24	static
../Drivers/squareline_ui/ui_helpers.c:32:6:_ui_label_set_property	24	static
../Drivers/squareline_ui/ui_helpers.c:37:6:_ui_roller_set_property	24	static
../Drivers/squareline_ui/ui_helpers.c:43:6:_ui_slider_set_property	24	static
../Drivers/squareline_ui/ui_helpers.c:49:6:_ui_screen_change	40	static
../Drivers/squareline_ui/ui_helpers.c:56:6:_ui_screen_delete	16	static
../Drivers/squareline_ui/ui_helpers.c:65:6:_ui_arc_increment	24	static
../Drivers/squareline_ui/ui_helpers.c:72:6:_ui_bar_increment	32	static
../Drivers/squareline_ui/ui_helpers.c:78:6:_ui_slider_increment	32	static
../Drivers/squareline_ui/ui_helpers.c:85:6:_ui_keyboard_set_target	16	static
../Drivers/squareline_ui/ui_helpers.c:90:6:_ui_flag_modify	24	static
../Drivers/squareline_ui/ui_helpers.c:100:6:_ui_state_modify	24	static
../Drivers/squareline_ui/ui_helpers.c:111:6:scr_unloaded_delete_cb	24	static
../Drivers/squareline_ui/ui_helpers.c:118:6:_ui_opacity_set	16	static
../Drivers/squareline_ui/ui_helpers.c:123:6:_ui_anim_callback_free_user_data	16	static
../Drivers/squareline_ui/ui_helpers.c:129:6:_ui_anim_callback_set_x	24	static
../Drivers/squareline_ui/ui_helpers.c:135:6:_ui_anim_callback_set_y	24	static
../Drivers/squareline_ui/ui_helpers.c:141:6:_ui_anim_callback_set_width	24	static
../Drivers/squareline_ui/ui_helpers.c:147:6:_ui_anim_callback_set_height	24	static
../Drivers/squareline_ui/ui_helpers.c:153:6:_ui_anim_callback_set_opacity	24	static
../Drivers/squareline_ui/ui_helpers.c:159:6:_ui_anim_callback_set_image_zoom	24	static
../Drivers/squareline_ui/ui_helpers.c:165:6:_ui_anim_callback_set_image_angle	24	static
../Drivers/squareline_ui/ui_helpers.c:171:6:_ui_anim_callback_set_image_frame	24	static
../Drivers/squareline_ui/ui_helpers.c:180:9:_ui_anim_callback_get_x	24	static
../Drivers/squareline_ui/ui_helpers.c:186:9:_ui_anim_callback_get_y	24	static
../Drivers/squareline_ui/ui_helpers.c:192:9:_ui_anim_callback_get_width	24	static
../Drivers/squareline_ui/ui_helpers.c:198:9:_ui_anim_callback_get_height	24	static
../Drivers/squareline_ui/ui_helpers.c:204:9:_ui_anim_callback_get_opacity	24	static
../Drivers/squareline_ui/ui_helpers.c:210:9:_ui_anim_callback_get_image_zoom	24	static
../Drivers/squareline_ui/ui_helpers.c:216:9:_ui_anim_callback_get_image_angle	24	static
../Drivers/squareline_ui/ui_helpers.c:222:9:_ui_anim_callback_get_image_frame	24	static
../Drivers/squareline_ui/ui_helpers.c:228:6:_ui_arc_set_text_value	64	static
../Drivers/squareline_ui/ui_helpers.c:235:6:_ui_slider_set_text_value	64	static
../Drivers/squareline_ui/ui_helpers.c:241:6:_ui_checked_set_text_value	24	static
