../Core/Src/main.c:82:5:main	8	static
../Core/Src/main.c:136:6:SystemClock_Config	88	static
../Core/Src/main.c:172:13:MX_CAN_Init	8	static
../Core/Src/main.c:209:13:MX_TIM1_Init	96	static
../Core/Src/main.c:292:13:MX_TIM2_Init	48	static
../Core/Src/main.c:354:13:MX_TIM3_Init	80	static
../Core/Src/main.c:434:13:MX_TIM14_Init	24	static
../Core/Src/main.c:479:13:MX_USART2_UART_Init	8	static
../Core/Src/main.c:515:13:MX_GPIO_Init	16	static
../Core/Src/main.c:529:6:HAL_TIM_IC_CaptureCallback	16	static
../Core/Src/main.c:538:6:Error_Handler	8	static,ignoring_inline_asm
