../Core/Src/main.c:117:5:main	1
../Core/Src/main.c:173:6:SystemClock_Config	4
../Core/Src/main.c:227:13:MX_CAN1_Init	2
../Core/Src/main.c:264:13:MX_CAN2_Init	2
../Core/Src/main.c:301:13:MX_DMA2D_Init	3
../Core/Src/main.c:338:13:MX_DSIHOST_DSI_Init	8
../Core/Src/main.c:441:13:MX_I2C1_Init	2
../Core/Src/main.c:475:13:MX_LTDC_Init	3
../Core/Src/main.c:537:13:MX_USART3_UART_Init	2
../Core/Src/main.c:570:13:MX_USART6_UART_Init	2
../Core/Src/main.c:603:13:MX_DMA_Init	2
../Core/Src/main.c:636:13:MX_FMC_Init	2
../Core/Src/main.c:742:13:MX_GPIO_Init	1
../Core/Src/main.c:823:5:_write	1
../Core/Src/main.c:835:6:Error_Handler	1
../Core/Src/main.c:854:6:assert_failed	1
