../Core/Src/stm32f4xx_hal_msp.c:63:6:HAL_MspInit	16	static
../Core/Src/stm32f4xx_hal_msp.c:88:6:HAL_CAN_MspInit	56	static
../Core/Src/stm32f4xx_hal_msp.c:160:6:HAL_CAN_MspDeInit	16	static
../Core/Src/stm32f4xx_hal_msp.c:214:6:HAL_DMA2D_MspInit	24	static
../Core/Src/stm32f4xx_hal_msp.c:239:6:HAL_DMA2D_MspDeInit	16	static
../Core/Src/stm32f4xx_hal_msp.c:264:6:HAL_DSI_MspInit	48	static
../Core/Src/stm32f4xx_hal_msp.c:302:6:HAL_DSI_MspDeInit	16	static
../Core/Src/stm32f4xx_hal_msp.c:332:6:HAL_I2C_MspInit	48	static
../Core/Src/stm32f4xx_hal_msp.c:368:6:HAL_I2C_MspDeInit	16	static
../Core/Src/stm32f4xx_hal_msp.c:399:6:HAL_LTDC_MspInit	80	static
../Core/Src/stm32f4xx_hal_msp.c:437:6:HAL_LTDC_MspDeInit	16	static
../Core/Src/stm32f4xx_hal_msp.c:462:6:HAL_UART_MspInit	56	static
../Core/Src/stm32f4xx_hal_msp.c:522:6:HAL_UART_MspDeInit	16	static
../Core/Src/stm32f4xx_hal_msp.c:565:13:HAL_FMC_MspInit	32	static
../Core/Src/stm32f4xx_hal_msp.c:700:6:HAL_SDRAM_MspInit	16	static
../Core/Src/stm32f4xx_hal_msp.c:712:13:HAL_FMC_MspDeInit	8	static
../Core/Src/stm32f4xx_hal_msp.c:810:6:HAL_SDRAM_MspDeInit	16	static
