../Core/Src/TPS2482.c:3:6:TPS2482_Init	232	dynamic
../Core/Src/TPS2482.c:52:6:TPS2482_Get_Register	80	dynamic
../Core/Src/TPS2482.c:65:6:TPS2482_Get_Config	32	static
../Core/Src/TPS2482.c:69:6:TPS2482_Poll_Shunt_Voltage	32	static
../Core/Src/TPS2482.c:73:6:TPS2482_Poll_Bus_Voltage	32	static
../Core/Src/TPS2482.c:77:6:TPS2482_Poll_Power	32	static
../Core/Src/TPS2482.c:81:6:TPS2482_Poll_Current	32	static
../Core/Src/TPS2482.c:85:6:TPS2482_Get_CAL	32	static
../Core/Src/TPS2482.c:89:6:TPS2482_Get_Mask	32	static
../Core/Src/TPS2482.c:93:6:TPS2482_Get_Alert_Limit	32	static
../Core/Src/TPS2482.c:97:6:TPS2482_Get_ID	32	static
../Core/Src/TPS2482.c:101:6:TPS2482_Write_Register	80	dynamic
../Core/Src/TPS2482.c:114:6:TPS2482_Write_Config	32	static
../Core/Src/TPS2482.c:118:6:TPS2482_Write_CAL	32	static
../Core/Src/TPS2482.c:122:6:TPS2482_Write_Mask	32	static
../Core/Src/TPS2482.c:126:6:TPS2482_Write_Alert_Limit	32	static
../Core/Src/TPS2482.c:130:6:TPS2482_GPIO_Write	32	static
../Core/Src/TPS2482.c:136:6:TPS2482_GPIO_Read	40	static
../Core/Src/TPS2482.c:142:6:TPS2482_Enable	24	static
