../Drivers/lvgl/src/draw/stm32_dma2d/../../misc/lv_color.h:375:24:lv_color_to32	24	static
../Drivers/lvgl/src/draw/stm32_dma2d/../../hal/../misc/lv_area.h:110:20:lv_area_copy	16	static
../Drivers/lvgl/src/draw/stm32_dma2d/../../hal/../misc/lv_area.h:123:26:lv_area_get_width	16	static
../Drivers/lvgl/src/draw/stm32_dma2d/../../hal/../misc/lv_area.h:133:26:lv_area_get_height	16	static
../Drivers/lvgl/src/draw/stm32_dma2d/lv_gpu_stm32_dma2d.c:42:6:lv_draw_stm32_dma2d_init	16	static,ignoring_inline_asm
../Drivers/lvgl/src/draw/stm32_dma2d/lv_gpu_stm32_dma2d.c:67:6:lv_draw_stm32_dma2d_ctx_init	24	static
../Drivers/lvgl/src/draw/stm32_dma2d/lv_gpu_stm32_dma2d.c:81:6:lv_draw_stm32_dma2d_ctx_deinit	16	static
../Drivers/lvgl/src/draw/stm32_dma2d/lv_gpu_stm32_dma2d.c:87:13:lv_draw_stm32_dma2d_blend	88	static
../Drivers/lvgl/src/draw/stm32_dma2d/lv_gpu_stm32_dma2d.c:197:13:lv_draw_stm32_dma2d_buffer_copy	56	static
../Drivers/lvgl/src/draw/stm32_dma2d/lv_gpu_stm32_dma2d.c:217:13:lv_draw_stm32_dma2d_img_decoded	80	static
../Drivers/lvgl/src/draw/stm32_dma2d/lv_gpu_stm32_dma2d.c:245:19:lv_area_get_offset	24	static
../Drivers/lvgl/src/draw/stm32_dma2d/lv_gpu_stm32_dma2d.c:251:29:lv_color_format_to_dma2d_color_format	16	static
../Drivers/lvgl/src/draw/stm32_dma2d/lv_gpu_stm32_dma2d.c:279:17:lv_draw_stm32_dma2d_img	40	static
../Drivers/lvgl/src/draw/stm32_dma2d/lv_gpu_stm32_dma2d.c:318:13:lv_gpu_stm32_dma2d_wait_cb	24	static
../Drivers/lvgl/src/draw/stm32_dma2d/lv_gpu_stm32_dma2d.c:333:28:_lv_draw_stm32_dma2d_blend_fill	56	static
../Drivers/lvgl/src/draw/stm32_dma2d/lv_gpu_stm32_dma2d.c:404:28:_lv_draw_stm32_dma2d_blend_map	56	static
../Drivers/lvgl/src/draw/stm32_dma2d/lv_gpu_stm32_dma2d.c:503:28:_lv_draw_stm32_dma2d_blend_paint	56	static
../Drivers/lvgl/src/draw/stm32_dma2d/lv_gpu_stm32_dma2d.c:553:28:_lv_draw_stm32_dma2d_copy_buffer	56	static
../Drivers/lvgl/src/draw/stm32_dma2d/lv_gpu_stm32_dma2d.c:589:28:_lv_gpu_stm32_dma2d_start_dma_transfer	32	static
../Drivers/lvgl/src/draw/stm32_dma2d/lv_gpu_stm32_dma2d.c:604:28:_lv_gpu_stm32_dma2d_await_dma_transfer_finish	32	static
../Drivers/lvgl/src/draw/stm32_dma2d/lv_gpu_stm32_dma2d.c:634:28:_lv_gpu_stm32_dma2d_invalidate_cache	24	static
../Drivers/lvgl/src/draw/stm32_dma2d/lv_gpu_stm32_dma2d.c:666:28:_lv_gpu_stm32_dma2d_clean_cache	24	static
../Drivers/lvgl/src/draw/stm32_dma2d/lv_gpu_stm32_dma2d.c:698:28:_lv_gpu_stm32_dwt_init	4	static,ignoring_inline_asm
../Drivers/lvgl/src/draw/stm32_dma2d/lv_gpu_stm32_dma2d.c:731:32:_lv_gpu_stm32_dwt_get_us	24	static
../Drivers/lvgl/src/draw/stm32_dma2d/lv_gpu_stm32_dma2d.c:738:28:_lv_gpu_stm32_dwt_reset	4	static
