../Core/Src/FEB_SM.c:45:13:transition	16	static
../Core/Src/FEB_SM.c:54:6:FEB_SM_Init	40	static
../Core/Src/FEB_SM.c:74:13:FEB_SM_Get_Current_State	4	static
../Core/Src/FEB_SM.c:82:6:FEB_SM_Transition	16	static
../Core/Src/FEB_SM.c:87:6:FEB_SM_Process	8	static
../Core/Src/FEB_SM.c:95:13:fault	56	static
../Core/Src/FEB_SM.c:107:20:updateStateProtected	16	static
../Core/Src/FEB_SM.c:116:13:bootTransition	16	static
../Core/Src/FEB_SM.c:134:13:LVPowerTransition	24	static
../Core/Src/FEB_SM.c:159:13:ESCCompleteTransition	56	static
../Core/Src/FEB_SM.c:194:13:PrechargeTransition	72	static
../Core/Src/FEB_SM.c:233:13:EnergizedTransition	48	static
../Core/Src/FEB_SM.c:267:13:DriveTransition	48	static
../Core/Src/FEB_SM.c:300:13:FreeTransition	40	static
../Core/Src/FEB_SM.c:332:13:ChargingTransition	40	static
../Core/Src/FEB_SM.c:357:13:BalanceTransition	40	static
../Core/Src/FEB_SM.c:389:13:BMSFaultTransition	16	static
../Core/Src/FEB_SM.c:393:13:BSPDFaultTransition	16	static
../Core/Src/FEB_SM.c:397:13:IMDFaultTransition	16	static
../Core/Src/FEB_SM.c:401:13:ChargingFaultTransition	16	static
