Archive member included to satisfy reference by file (symbol)

/Applications/STM32CubeIDE.app/Contents/Eclipse/plugins/com.st.stm32cube.ide.mcu.externaltools.gnu-tools-for-stm32.12.3.rel1.macos64_1.0.200.202406191456/tools/bin/../lib/gcc/arm-none-eabi/12.3.1/../../../../arm-none-eabi/lib/thumb/v6-m/nofp/libc_nano.a(libc_a-exit.o)
                              /Applications/STM32CubeIDE.app/Contents/Eclipse/plugins/com.st.stm32cube.ide.mcu.externaltools.gnu-tools-for-stm32.12.3.rel1.macos64_1.0.200.202406191456/tools/bin/../lib/gcc/arm-none-eabi/12.3.1/../../../../arm-none-eabi/lib/thumb/v6-m/nofp/crt0.o (exit)
/Applications/STM32CubeIDE.app/Contents/Eclipse/plugins/com.st.stm32cube.ide.mcu.externaltools.gnu-tools-for-stm32.12.3.rel1.macos64_1.0.200.202406191456/tools/bin/../lib/gcc/arm-none-eabi/12.3.1/../../../../arm-none-eabi/lib/thumb/v6-m/nofp/libc_nano.a(libc_a-findfp.o)
                              /Applications/STM32CubeIDE.app/Contents/Eclipse/plugins/com.st.stm32cube.ide.mcu.externaltools.gnu-tools-for-stm32.12.3.rel1.macos64_1.0.200.202406191456/tools/bin/../lib/gcc/arm-none-eabi/12.3.1/../../../../arm-none-eabi/lib/thumb/v6-m/nofp/libc_nano.a(libc_a-exit.o) (__stdio_exit_handler)
/Applications/STM32CubeIDE.app/Contents/Eclipse/plugins/com.st.stm32cube.ide.mcu.externaltools.gnu-tools-for-stm32.12.3.rel1.macos64_1.0.200.202406191456/tools/bin/../lib/gcc/arm-none-eabi/12.3.1/../../../../arm-none-eabi/lib/thumb/v6-m/nofp/libc_nano.a(libc_a-fwalk.o)
                              /Applications/STM32CubeIDE.app/Contents/Eclipse/plugins/com.st.stm32cube.ide.mcu.externaltools.gnu-tools-for-stm32.12.3.rel1.macos64_1.0.200.202406191456/tools/bin/../lib/gcc/arm-none-eabi/12.3.1/../../../../arm-none-eabi/lib/thumb/v6-m/nofp/libc_nano.a(libc_a-findfp.o) (_fwalk_sglue)
/Applications/STM32CubeIDE.app/Contents/Eclipse/plugins/com.st.stm32cube.ide.mcu.externaltools.gnu-tools-for-stm32.12.3.rel1.macos64_1.0.200.202406191456/tools/bin/../lib/gcc/arm-none-eabi/12.3.1/../../../../arm-none-eabi/lib/thumb/v6-m/nofp/libc_nano.a(libc_a-memset.o)
                              /Applications/STM32CubeIDE.app/Contents/Eclipse/plugins/com.st.stm32cube.ide.mcu.externaltools.gnu-tools-for-stm32.12.3.rel1.macos64_1.0.200.202406191456/tools/bin/../lib/gcc/arm-none-eabi/12.3.1/../../../../arm-none-eabi/lib/thumb/v6-m/nofp/crt0.o (memset)
/Applications/STM32CubeIDE.app/Contents/Eclipse/plugins/com.st.stm32cube.ide.mcu.externaltools.gnu-tools-for-stm32.12.3.rel1.macos64_1.0.200.202406191456/tools/bin/../lib/gcc/arm-none-eabi/12.3.1/../../../../arm-none-eabi/lib/thumb/v6-m/nofp/libc_nano.a(libc_a-impure.o)
                              /Applications/STM32CubeIDE.app/Contents/Eclipse/plugins/com.st.stm32cube.ide.mcu.externaltools.gnu-tools-for-stm32.12.3.rel1.macos64_1.0.200.202406191456/tools/bin/../lib/gcc/arm-none-eabi/12.3.1/../../../../arm-none-eabi/lib/thumb/v6-m/nofp/libc_nano.a(libc_a-findfp.o) (_impure_data)
/Applications/STM32CubeIDE.app/Contents/Eclipse/plugins/com.st.stm32cube.ide.mcu.externaltools.gnu-tools-for-stm32.12.3.rel1.macos64_1.0.200.202406191456/tools/bin/../lib/gcc/arm-none-eabi/12.3.1/../../../../arm-none-eabi/lib/thumb/v6-m/nofp/libc_nano.a(libc_a-errno.o)
                              ./Core/Src/syscalls.o (__errno)
/Applications/STM32CubeIDE.app/Contents/Eclipse/plugins/com.st.stm32cube.ide.mcu.externaltools.gnu-tools-for-stm32.12.3.rel1.macos64_1.0.200.202406191456/tools/bin/../lib/gcc/arm-none-eabi/12.3.1/../../../../arm-none-eabi/lib/thumb/v6-m/nofp/libc_nano.a(libc_a-init.o)
                              /Applications/STM32CubeIDE.app/Contents/Eclipse/plugins/com.st.stm32cube.ide.mcu.externaltools.gnu-tools-for-stm32.12.3.rel1.macos64_1.0.200.202406191456/tools/bin/../lib/gcc/arm-none-eabi/12.3.1/../../../../arm-none-eabi/lib/thumb/v6-m/nofp/crt0.o (__libc_init_array)
/Applications/STM32CubeIDE.app/Contents/Eclipse/plugins/com.st.stm32cube.ide.mcu.externaltools.gnu-tools-for-stm32.12.3.rel1.macos64_1.0.200.202406191456/tools/bin/../lib/gcc/arm-none-eabi/12.3.1/../../../../arm-none-eabi/lib/thumb/v6-m/nofp/libc_nano.a(libc_a-lock.o)
                              /Applications/STM32CubeIDE.app/Contents/Eclipse/plugins/com.st.stm32cube.ide.mcu.externaltools.gnu-tools-for-stm32.12.3.rel1.macos64_1.0.200.202406191456/tools/bin/../lib/gcc/arm-none-eabi/12.3.1/../../../../arm-none-eabi/lib/thumb/v6-m/nofp/libc_nano.a(libc_a-findfp.o) (__retarget_lock_init_recursive)
/Applications/STM32CubeIDE.app/Contents/Eclipse/plugins/com.st.stm32cube.ide.mcu.externaltools.gnu-tools-for-stm32.12.3.rel1.macos64_1.0.200.202406191456/tools/bin/../lib/gcc/arm-none-eabi/12.3.1/../../../../arm-none-eabi/lib/thumb/v6-m/nofp/libc_nano.a(libc_a-memcpy-stub.o)
                              ./Core/Src/FEB_CAN.o (memcpy)
[...]
Memory Configuration

Name             Origin             Length             Attributes
RAM              0x20000000         0x00001800         xrw
FLASH            0x08000000         0x00008000         xr
*default*        0x00000000         0xffffffff

Linker script and memory map

LOAD /Applications/STM32CubeIDE.app/Contents/Eclipse/plugins/com.st.stm32cube.ide.mcu.externaltools.gnu-tools-for-stm32.12.3.rel1.macos64_1.0.200.202406191456/tools/bin/../lib/gcc/arm-none-eabi/12.3.1/thumb/v6-m/nofp/crti.o
LOAD /Applications/STM32CubeIDE.app/Contents/Eclipse/plugins/com.st.stm32cube.ide.mcu.externaltools.gnu-tools-for-stm32.12.3.rel1.macos64_1.0.200.202406191456/tools/bin/../lib/gcc/arm-none-eabi/12.3.1/thumb/v6-m/nofp/crtbegin.o
LOAD /Applications/STM32CubeIDE.app/Contents/Eclipse/plugins/com.st.stm32cube.ide.mcu.externaltools.gnu-tools-for-stm32.12.3.rel1.macos64_1.0.200.202406191456/tools/bin/../lib/gcc/arm-none-eabi/12.3.1/../../../../arm-none-eabi/lib/thumb/v6-m/nofp/crt0.o
LOAD ./Core/Inc/FEB_CAN_Library_SN4/gen/feb_can.o
LOAD ./Core/Src/FEB_CAN.o
LOAD ./Core/Src/FEB_CAN_BMS.o
LOAD ./Core/Src/FEB_Fan.o
LOAD ./Core/Src/FEB_Main.o
LOAD ./Core/Src/main.o
LOAD ./Core/Src/stm32f0xx_hal_msp.o
LOAD ./Core/Src/stm32f0xx_it.o
LOAD ./Core/Src/syscalls.o
LOAD ./Core/Src/sysmem.o
LOAD ./Core/Src/system_stm32f0xx.o
LOAD ./Core/Startup/startup_stm32f042k6tx.o
LOAD ./Drivers/STM32F0xx_HAL_Driver/Src/stm32f0xx_hal.o
LOAD ./Drivers/STM32F0xx_HAL_Driver/Src/stm32f0xx_hal_can.o
LOAD ./Drivers/STM32F0xx_HAL_Driver/Src/stm32f0xx_hal_cortex.o
LOAD ./Drivers/STM32F0xx_HAL_Driver/Src/stm32f0xx_hal_dma.o
LOAD ./Drivers/STM32F0xx_HAL_Driver/Src/stm32f0xx_hal_exti.o
LOAD ./Drivers/STM32F0xx_HAL_Driver/Src/stm32f0xx_hal_flash.o
LOAD ./Drivers/STM32F0xx_HAL_Driver/Src/stm32f0xx_hal_flash_ex.o
LOAD ./Drivers/STM32F0xx_HAL_Driver/Src/stm32f0xx_hal_gpio.o
LOAD ./Drivers/STM32F0xx_HAL_Driver/Src/stm32f0xx_hal_i2c.o
LOAD ./Drivers/STM32F0xx_HAL_Driver/Src/stm32f0xx_hal_i2c_ex.o
LOAD ./Drivers/STM32F0xx_HAL_Driver/Src/stm32f0xx_hal_pwr.o
LOAD ./Drivers/STM32F0xx_HAL_Driver/Src/stm32f0xx_hal_pwr_ex.o
LOAD ./Drivers/STM32F0xx_HAL_Driver/Src/stm32f0xx_hal_rcc.o
LOAD ./Drivers/STM32F0xx_HAL_Driver/Src/stm32f0xx_hal_rcc_ex.o
LOAD ./Drivers/STM32F0xx_HAL_Driver/Src/stm32f0xx_hal_tim.o
LOAD ./Drivers/STM32F0xx_HAL_Driver/Src/stm32f0xx_hal_tim_ex.o
LOAD ./Drivers/STM32F0xx_HAL_Driver/Src/stm32f0xx_hal_uart.o
LOAD ./Drivers/STM32F0xx_HAL_Driver/Src/stm32f0xx_hal_uart_ex.o
START GROUP
LOAD /Applications/STM32CubeIDE.app/Contents/Eclipse/plugins/com.st.stm32cube.ide.mcu.externaltools.gnu-tools-for-stm32.12.3.rel1.macos64_1.0.200.202406191456/tools/bin/../lib/gcc/arm-none-eabi/12.3.1/../../../../arm-none-eabi/lib/thumb/v6-m/nofp/libc_nano.a
LOAD /Applications/STM32CubeIDE.app/Contents/Eclipse/plugins/com.st.stm32cube.ide.mcu.externaltools.gnu-tools-for-stm32.12.3.rel1.macos64_1.0.200.202406191456/tools/bin/../lib/gcc/arm-none-eabi/12.3.1/../../../../arm-none-eabi/lib/thumb/v6-m/nofp/libm.a
END GROUP
START GROUP
LOAD /Applications/STM32CubeIDE.app/Contents/Eclipse/plugins/com.st.stm32cube.ide.mcu.externaltools.gnu-tools-for-stm32.12.3.rel1.macos64_1.0.200.202406191456/tools/bin/../lib/gcc/arm-none-eabi/12.3.1/thumb/v6-m/nofp/libgcc.a
LOAD /Applications/STM32CubeIDE.app/Contents/Eclipse/plugins/com.st.stm32cube.ide.mcu.externaltools.gnu-tools-for-stm32.12.3.rel1.macos64_1.0.200.202406191456/tools/bin/../lib/gcc/arm-none-eabi/12.3.1/../../../../arm-none-eabi/lib/thumb/v6-m/nofp/libc_nano.a
END GROUP
START GROUP
LOAD /Applications/STM32CubeIDE.app/Contents/Eclipse/plugins/com.st.stm32cube.ide.mcu.externaltools.gnu-tools-for-stm32.12.3.rel1.macos64_1.0.200.202406191456/tools/bin/../lib/gcc/arm-none-eabi/12.3.1/thumb/v6-m/nofp/libgcc.a
LOAD /Applications/STM32CubeIDE.app/Contents/Eclipse/plugins/com.st.stm32cube.ide.mcu.externaltools.gnu-tools-for-stm32.12.3.rel1.macos64_1.0.200.202406191456/tools/bin/../lib/gcc/arm-none-eabi/12.3.1/../../../../arm-none-eabi/lib/thumb/v6-m/nofp/libc_nano.a
LOAD /Applications/STM32CubeIDE.app/Contents/Eclipse/plugins/com.st.stm32cube.ide.mcu.externaltools.gnu-tools-for-stm32.12.3.rel1.macos64_1.0.200.202406191456/tools/bin/../lib/gcc/arm-none-eabi/12.3.1/../../../../arm-none-eabi/lib/thumb/v6-m/nofp/libnosys.a
END GROUP
START GROUP
LOAD /Applications/STM32CubeIDE.app/Contents/Eclipse/plugins/com.st.stm32cube.ide.mcu.externaltools.gnu-tools-for-stm32.12.3.rel1.macos64_1.0.200.202406191456/tools/bin/../lib/gcc/arm-none-eabi/12.3.1/thumb/v6-m/nofp/libgcc.a
LOAD /Applications/STM32CubeIDE.app/Contents/Eclipse/plugins/com.st.stm32cube.ide.mcu.externaltools.gnu-tools-for-stm32.12.3.rel1.macos64_1.0.200.202406191456/tools/bin/../lib/gcc/arm-none-eabi/12.3.1/../../../../arm-none-eabi/lib/thumb/v6-m/nofp/libc_nano.a
LOAD /Applications/STM32CubeIDE.app/Contents/Eclipse/plugins/com.st.stm32cube.ide.mcu.externaltools.gnu-tools-for-stm32.12.3.rel1.macos64_1.0.200.202406191456/tools/bin/../lib/gcc/arm-none-eabi/12.3.1/../../../../arm-none-eabi/lib/thumb/v6-m/nofp/libnosys.a
END GROUP
LOAD /Applications/STM32CubeIDE.app/Contents/Eclipse/plugins/com.st.stm32cube.ide.mcu.externaltools.gnu-tools-for-stm32.12.3.rel1.macos64_1.0.200.202406191456/tools/bin/../lib/gcc/arm-none-eabi/12.3.1/thumb/v6-m/nofp/crtend.o
LOAD /Applications/STM32CubeIDE.app/Contents/Eclipse/plugins/com.st.stm32cube.ide.mcu.externaltools.gnu-tools-for-stm32.12.3.rel1.macos64_1.0.200.202406191456/tools/bin/../lib/gcc/arm-none-eabi/12.3.1/thumb/v6-m/nofp/crtn.o
                0x20001800                        _estack = (ORIGIN (RAM) + LENGTH (RAM))
                0x00000200                        _Min_Heap_Size = 0x200
                0x00000400                        _Min_Stack_Size = 0x400

.isr_vector     0x08000000       0xc0
                0x08000000                        . = ALIGN (0x4)
 *(.isr_vector)
 .isr_vector    0x08000000       0xc0 ./Core/Startup/startup_stm32f042k6tx.o
                0x08000000                g_pfnVectors
                0x080000c0                        . = ALIGN (0x4)

.text           0x080000c0     0x58b4
                0x080000c0                        . = ALIGN (0x4)
 *(.text)
 .text          0x080000c0       0x48 /Applications/STM32CubeIDE.app/Contents/Eclipse/plugins/com.st.stm32cube.ide.mcu.externaltools.gnu-tools-for-stm32.12.3.rel1.macos64_1.0.200.202406191456/tools/bin/../lib/gcc/arm-none-eabi/12.3.1/thumb/v6-m/nofp/crtbegin.o
 .text          0x08000108      0x114 /Applications/STM32CubeIDE.app/Contents/Eclipse/plugins/com.st.stm32cube.ide.mcu.externaltools.gnu-tools-for-stm32.12.3.rel1.macos64_1.0.200.202406191456/tools/bin/../lib/gcc/arm-none-eabi/12.3.1/thumb/v6-m/nofp/libgcc.a(_udivsi3.o)
                0x08000108                __udivsi3
                0x08000108                __aeabi_uidiv
                0x08000214                __aeabi_uidivmod
 .text          0x0800021c        0x4 /Applications/STM32CubeIDE.app/Contents/Eclipse/plugins/com.st.stm32cube.ide.mcu.externaltools.gnu-tools-for-stm32.12.3.rel1.macos64_1.0.200.202406191456/tools/bin/../lib/gcc/arm-none-eabi/12.3.1/thumb/v6-m/nofp/libgcc.a(_dvmd_tls.o)
                0x0800021c                __aeabi_ldiv0
                0x0800021c                __aeabi_idiv0
 .text          0x08000220       0x30 /Applications/STM32CubeIDE.app/Contents/Eclipse/plugins/com.st.stm32cube.ide.mcu.externaltools.gnu-tools-for-stm32.12.3.rel1.macos64_1.0.200.202406191456/tools/bin/../lib/gcc/arm-none-eabi/12.3.1/thumb/v6-m/nofp/libgcc.a(_fixunssfsi.o)
                0x08000220                __aeabi_f2uiz
                0x08000220                __fixunssfsi
 .text          0x08000250      0x240 /Applications/STM32CubeIDE.app/Contents/Eclipse/plugins/com.st.stm32cube.ide.mcu.externaltools.gnu-tools-for-stm32.12.3.rel1.macos64_1.0.200.202406191456/tools/bin/../lib/gcc/arm-none-eabi/12.3.1/thumb/v6-m/nofp/libgcc.a(divsf3.o)
                0x08000250                __aeabi_fdiv
 .text          0x08000490      0x348 /Applications/STM32CubeIDE.app/Contents/Eclipse/plugins/com.st.stm32cube.ide.mcu.externaltools.gnu-tools-for-stm32.12.3.rel1.macos64_1.0.200.202406191456/tools/bin/../lib/gcc/arm-none-eabi/12.3.1/thumb/v6-m/nofp/libgcc.a(subsf3.o)
                0x08000490                __aeabi_fsub
 .text          0x080007d8       0x40 /Applications/STM32CubeIDE.app/Contents/Eclipse/plugins/com.st.stm32cube.ide.mcu.externaltools.gnu-tools-for-stm32.12.3.rel1.macos64_1.0.200.202406191456/tools/bin/../lib/gcc/arm-none-eabi/12.3.1/thumb/v6-m/nofp/libgcc.a(fixsfsi.o)
                0x080007d8                __aeabi_f2iz
 .text          0x08000818       0x84 /Applications/STM32CubeIDE.app/Contents/Eclipse/plugins/com.st.stm32cube.ide.mcu.externaltools.gnu-tools-for-stm32.12.3.rel1.macos64_1.0.200.202406191456/tools/bin/../lib/gcc/arm-none-eabi/12.3.1/thumb/v6-m/nofp/libgcc.a(floatunsisf.o)
                0x08000818                __aeabi_ui2f
 .text          0x0800089c       0x74 /Applications/STM32CubeIDE.app/Contents/Eclipse/plugins/com.st.stm32cube.ide.mcu.externaltools.gnu-tools-for-stm32.12.3.rel1.macos64_1.0.200.202406191456/tools/bin/../lib/gcc/arm-none-eabi/12.3.1/thumb/v6-m/nofp/libgcc.a(_arm_cmpsf2.o)
                0x0800089c                __aeabi_cfrcmple
                0x080008a4                __aeabi_cfcmple
                0x080008a4                __aeabi_cfcmpeq
                0x080008b4                __aeabi_fcmpeq
                0x080008c0                __aeabi_fcmplt
                0x080008d4                __aeabi_fcmple
                0x080008e8                __aeabi_fcmpgt
                0x080008fc                __aeabi_fcmpge
 .text          0x08000910       0x3c /Applications/STM32CubeIDE.app/Contents/Eclipse/plugins/com.st.stm32cube.ide.mcu.externaltools.gnu-tools-for-stm32.12.3.rel1.macos64_1.0.200.202406191456/tools/bin/../lib/gcc/arm-none-eabi/12.3.1/thumb/v6-m/nofp/libgcc.a(_clzsi2.o)
                0x08000910                __clzsi2
 .text          0x0800094c       0x50 /Applications/STM32CubeIDE.app/Contents/Eclipse/plugins/com.st.stm32cube.ide.mcu.externaltools.gnu-tools-for-stm32.12.3.rel1.macos64_1.0.200.202406191456/tools/bin/../lib/gcc/arm-none-eabi/12.3.1/thumb/v6-m/nofp/libgcc.a(eqsf2.o)
                0x0800094c                __nesf2
                0x0800094c                __eqsf2
 .text          0x0800099c       0xa0 /Applications/STM32CubeIDE.app/Contents/Eclipse/plugins/com.st.stm32cube.ide.mcu.externaltools.gnu-tools-for-stm32.12.3.rel1.macos64_1.0.200.202406191456/tools/bin/../lib/gcc/arm-none-eabi/12.3.1/thumb/v6-m/nofp/libgcc.a(gesf2.o)
                0x0800099c                __gtsf2
                0x0800099c                __gesf2
 .text          0x08000a3c       0x9c /Applications/STM32CubeIDE.app/Contents/Eclipse/plugins/com.st.stm32cube.ide.mcu.externaltools.gnu-tools-for-stm32.12.3.rel1.macos64_1.0.200.202406191456/tools/bin/../lib/gcc/arm-none-eabi/12.3.1/thumb/v6-m/nofp/libgcc.a(lesf2.o)
                0x08000a3c                __lesf2
                0x08000a3c                __ltsf2
 *(.text*)
 .text.FEB_CAN_Init
                0x08000ad8       0x2c ./Core/Src/FEB_CAN.o
                0x08000ad8                FEB_CAN_Init
 .text.FEB_CAN_Filter_Config
                0x08000b04       0x2c ./Core/Src/FEB_CAN.o
                0x08000b04                FEB_CAN_Filter_Config
 .text.FEB_CAN_Transmit
                0x08000b30       0xa4 ./Core/Src/FEB_CAN.o
                0x08000b30                FEB_CAN_Transmit
 .text.FEB_CAN_BMS_Filter
                0x08000bd4       0x80 ./Core/Src/FEB_CAN_BMS.o
                0x08000bd4                FEB_CAN_BMS_Filter
 .text.FEB_Fan_Init
                0x08000c54       0x18 ./Core/Src/FEB_Fan.o
                0x08000c54                FEB_Fan_Init
 .text.FEB_Fan_PWM_Init
                0x08000c6c       0x40 ./Core/Src/FEB_Fan.o
                0x08000c6c                FEB_Fan_PWM_Init
 .text.FEB_Fan_All_Speed_Set
                0x08000cac       0x9c ./Core/Src/FEB_Fan.o
                0x08000cac                FEB_Fan_All_Speed_Set
 .text.FEB_Fan_TACH_Init
                0x08000d48       0x40 ./Core/Src/FEB_Fan.o
                0x08000d48                FEB_Fan_TACH_Init
 .text.FEB_Fan_TACH_Callback
                0x08000d88      0x160 ./Core/Src/FEB_Fan.o
                0x08000d88                FEB_Fan_TACH_Callback
 .text.FEB_TACH_IIR
                0x08000ee8       0xf8 ./Core/Src/FEB_Fan.o
 .text.FEB_Init
                0x08000fe0       0x12 ./Core/Src/FEB_Main.o
                0x08000fe0                FEB_Init
 *fill*         0x08000ff2        0x2 
 .text.FEB_Main_Loop
                0x08000ff4       0x24 ./Core/Src/FEB_Main.o
                0x08000ff4                FEB_Main_Loop
 .text.main     0x08001018       0x32 ./Core/Src/main.o
                0x08001018                main
 .text.SystemClock_Config
                0x0800104a       0x86 ./Core/Src/main.o
                0x0800104a                SystemClock_Config
 .text.MX_CAN_Init
                0x080010d0       0x6c ./Core/Src/main.o
 .text.MX_TIM1_Init
                0x0800113c      0x194 ./Core/Src/main.o
 .text.MX_TIM2_Init
                0x080012d0      0x10c ./Core/Src/main.o
 .text.MX_TIM3_Init
                0x080013dc      0x178 ./Core/Src/main.o
 .text.MX_TIM14_Init
                0x08001554       0x98 ./Core/Src/main.o
 .text.MX_USART2_UART_Init
                0x080015ec       0x60 ./Core/Src/main.o
 .text.MX_GPIO_Init
                0x0800164c       0x4c ./Core/Src/main.o
 .text.HAL_TIM_IC_CaptureCallback
                0x08001698       0x18 ./Core/Src/main.o
                0x08001698                HAL_TIM_IC_CaptureCallback
 .text.Error_Handler
                0x080016b0        0xc ./Core/Src/main.o
                0x080016b0                Error_Handler
 .text.HAL_MspInit
                0x080016bc       0x48 ./Core/Src/stm32f0xx_hal_msp.o
                0x080016bc                HAL_MspInit
 .text.HAL_CAN_MspInit
                0x08001704       0x9c ./Core/Src/stm32f0xx_hal_msp.o
                0x08001704                HAL_CAN_MspInit
 .text.HAL_TIM_Base_MspInit
                0x080017a0      0x1f8 ./Core/Src/stm32f0xx_hal_msp.o
                0x080017a0                HAL_TIM_Base_MspInit
 .text.HAL_TIM_MspPostInit
                0x08001998       0xdc ./Core/Src/stm32f0xx_hal_msp.o
                0x08001998                HAL_TIM_MspPostInit
 .text.HAL_UART_MspInit
                0x08001a74       0xa8 ./Core/Src/stm32f0xx_hal_msp.o
                0x08001a74                HAL_UART_MspInit
 .text.NMI_Handler
                0x08001b1c        0x8 ./Core/Src/stm32f0xx_it.o
                0x08001b1c                NMI_Handler
 .text.HardFault_Handler
                0x08001b24        0x8 ./Core/Src/stm32f0xx_it.o
                0x08001b24                HardFault_Handler
 .text.SVC_Handler
                0x08001b2c        0xa ./Core/Src/stm32f0xx_it.o
                0x08001b2c                SVC_Handler
 .text.PendSV_Handler
                0x08001b36        0xa ./Core/Src/stm32f0xx_it.o
                0x08001b36                PendSV_Handler
 .text.SysTick_Handler
                0x08001b40        0xe ./Core/Src/stm32f0xx_it.o
                0x08001b40                SysTick_Handler
 *fill*         0x08001b4e        0x2 
 .text.TIM1_BRK_UP_TRG_COM_IRQHandler
                0x08001b50       0x18 ./Core/Src/stm32f0xx_it.o
                0x08001b50                TIM1_BRK_UP_TRG_COM_IRQHandler
 .text.TIM1_CC_IRQHandler
                0x08001b68       0x18 ./Core/Src/stm32f0xx_it.o
                0x08001b68                TIM1_CC_IRQHandler
 .text.TIM2_IRQHandler
                0x08001b80       0x18 ./Core/Src/stm32f0xx_it.o
                0x08001b80                TIM2_IRQHandler
 .text.TIM3_IRQHandler
                0x08001b98       0x18 ./Core/Src/stm32f0xx_it.o
                0x08001b98                TIM3_IRQHandler
 .text.TIM14_IRQHandler
                0x08001bb0       0x18 ./Core/Src/stm32f0xx_it.o
                0x08001bb0                TIM14_IRQHandler
 .text.USART2_IRQHandler
                0x08001bc8       0x18 ./Core/Src/stm32f0xx_it.o
                0x08001bc8                USART2_IRQHandler
 .text.SystemInit
                0x08001be0        0xa ./Core/Src/system_stm32f0xx.o
                0x08001be0                SystemInit
 *fill*         0x08001bea        0x2 
 .text.Reset_Handler
                0x08001bec       0x80 ./Core/Startup/startup_stm32f042k6tx.o
                0x08001bec                Reset_Handler
 .text.Default_Handler
                0x08001c6c        0x2 ./Core/Startup/startup_stm32f042k6tx.o
                0x08001c6c                USART1_IRQHandler
                0x08001c6c                I2C1_IRQHandler
                0x08001c6c                RCC_CRS_IRQHandler
                0x08001c6c                SPI1_IRQHandler
                0x08001c6c                EXTI2_3_IRQHandler
                0x08001c6c                ADC1_IRQHandler
                0x08001c6c                TIM17_IRQHandler
                0x08001c6c                CEC_CAN_IRQHandler
                0x08001c6c                RTC_IRQHandler
                0x08001c6c                PVD_VDDIO2_IRQHandler
                0x08001c6c                TIM16_IRQHandler
                0x08001c6c                EXTI4_15_IRQHandler
                0x08001c6c                DMA1_Channel1_IRQHandler
                0x08001c6c                Default_Handler
                0x08001c6c                DMA1_Channel4_5_IRQHandler
                0x08001c6c                EXTI0_1_IRQHandler
                0x08001c6c                USB_IRQHandler
                0x08001c6c                SPI2_IRQHandler
                0x08001c6c                WWDG_IRQHandler
                0x08001c6c                DMA1_Channel2_3_IRQHandler
                0x08001c6c                FLASH_IRQHandler
                0x08001c6c                TSC_IRQHandler
 *fill*         0x08001c6e        0x2 
 .text.HAL_Init
                0x08001c70       0x28 ./Drivers/STM32F0xx_HAL_Driver/Src/stm32f0xx_hal.o
                0x08001c70                HAL_Init
 .text.HAL_InitTick
                0x08001c98       0x68 ./Drivers/STM32F0xx_HAL_Driver/Src/stm32f0xx_hal.o
                0x08001c98                HAL_InitTick
 .text.HAL_IncTick
                0x08001d00       0x24 ./Drivers/STM32F0xx_HAL_Driver/Src/stm32f0xx_hal.o
                0x08001d00                HAL_IncTick
 .text.HAL_GetTick
                0x08001d24       0x14 ./Drivers/STM32F0xx_HAL_Driver/Src/stm32f0xx_hal.o
                0x08001d24                HAL_GetTick
 .text.HAL_Delay
                0x08001d38       0x48 ./Drivers/STM32F0xx_HAL_Driver/Src/stm32f0xx_hal.o
                0x08001d38                HAL_Delay
 .text.HAL_CAN_Init
                0x08001d80      0x1fc ./Drivers/STM32F0xx_HAL_Driver/Src/stm32f0xx_hal_can.o
                0x08001d80                HAL_CAN_Init
 .text.HAL_CAN_ConfigFilter
                0x08001f7c      0x1e4 ./Drivers/STM32F0xx_HAL_Driver/Src/stm32f0xx_hal_can.o
                0x08001f7c                HAL_CAN_ConfigFilter
 .text.HAL_CAN_Start
                0x08002160       0x8c ./Drivers/STM32F0xx_HAL_Driver/Src/stm32f0xx_hal_can.o
                0x08002160                HAL_CAN_Start
 .text.HAL_CAN_AddTxMessage
                0x080021ec      0x1a4 ./Drivers/STM32F0xx_HAL_Driver/Src/stm32f0xx_hal_can.o
                0x080021ec                HAL_CAN_AddTxMessage
 .text.HAL_CAN_GetTxMailboxesFreeLevel
                0x08002390       0x70 ./Drivers/STM32F0xx_HAL_Driver/Src/stm32f0xx_hal_can.o
                0x08002390                HAL_CAN_GetTxMailboxesFreeLevel
 .text.HAL_CAN_ActivateNotification
                0x08002400       0x54 ./Drivers/STM32F0xx_HAL_Driver/Src/stm32f0xx_hal_can.o
                0x08002400                HAL_CAN_ActivateNotification
 .text.__NVIC_EnableIRQ
                0x08002454       0x34 ./Drivers/STM32F0xx_HAL_Driver/Src/stm32f0xx_hal_cortex.o
 .text.__NVIC_SetPriority
                0x08002488       0xdc ./Drivers/STM32F0xx_HAL_Driver/Src/stm32f0xx_hal_cortex.o
 .text.SysTick_Config
                0x08002564       0x48 ./Drivers/STM32F0xx_HAL_Driver/Src/stm32f0xx_hal_cortex.o
 .text.HAL_NVIC_SetPriority
                0x080025ac       0x2a ./Drivers/STM32F0xx_HAL_Driver/Src/stm32f0xx_hal_cortex.o
                0x080025ac                HAL_NVIC_SetPriority
 .text.HAL_NVIC_EnableIRQ
                0x080025d6       0x20 ./Drivers/STM32F0xx_HAL_Driver/Src/stm32f0xx_hal_cortex.o
                0x080025d6                HAL_NVIC_EnableIRQ
 .text.HAL_SYSTICK_Config
                0x080025f6       0x1a ./Drivers/STM32F0xx_HAL_Driver/Src/stm32f0xx_hal_cortex.o
                0x080025f6                HAL_SYSTICK_Config
 .text.HAL_DMA_Abort
                0x08002610       0x70 ./Drivers/STM32F0xx_HAL_Driver/Src/stm32f0xx_hal_dma.o
                0x08002610                HAL_DMA_Abort
 .text.HAL_DMA_Abort_IT
                0x08002680       0x8a ./Drivers/STM32F0xx_HAL_Driver/Src/stm32f0xx_hal_dma.o
                0x08002680                HAL_DMA_Abort_IT
 *fill*         0x0800270a        0x2 
 .text.HAL_GPIO_Init
                0x0800270c      0x2d0 ./Drivers/STM32F0xx_HAL_Driver/Src/stm32f0xx_hal_gpio.o
                0x0800270c                HAL_GPIO_Init
 .text.HAL_RCC_OscConfig
                0x080029dc      0x70c ./Drivers/STM32F0xx_HAL_Driver/Src/stm32f0xx_hal_rcc.o
                0x080029dc                HAL_RCC_OscConfig
 .text.HAL_RCC_ClockConfig
                0x080030e8      0x1b4 ./Drivers/STM32F0xx_HAL_Driver/Src/stm32f0xx_hal_rcc.o
                0x080030e8                HAL_RCC_ClockConfig
 .text.HAL_RCC_MCOConfig
                0x0800329c       0x80 ./Drivers/STM32F0xx_HAL_Driver/Src/stm32f0xx_hal_rcc.o
                0x0800329c                HAL_RCC_MCOConfig
 .text.HAL_RCC_GetSysClockFreq
                0x0800331c       0xe4 ./Drivers/STM32F0xx_HAL_Driver/Src/stm32f0xx_hal_rcc.o
                0x0800331c                HAL_RCC_GetSysClockFreq
 .text.HAL_RCC_GetHCLKFreq
                0x08003400       0x14 ./Drivers/STM32F0xx_HAL_Driver/Src/stm32f0xx_hal_rcc.o
                0x08003400                HAL_RCC_GetHCLKFreq
 .text.HAL_RCC_GetPCLK1Freq
                0x08003414       0x2c ./Drivers/STM32F0xx_HAL_Driver/Src/stm32f0xx_hal_rcc.o
                0x08003414                HAL_RCC_GetPCLK1Freq
 .text.HAL_TIM_Base_Init
                0x08003440       0xa0 ./Drivers/STM32F0xx_HAL_Driver/Src/stm32f0xx_hal_tim.o
                0x08003440                HAL_TIM_Base_Init
 .text.HAL_TIM_PWM_Init
                0x080034e0       0xa0 ./Drivers/STM32F0xx_HAL_Driver/Src/stm32f0xx_hal_tim.o
                0x080034e0                HAL_TIM_PWM_Init
 .text.HAL_TIM_PWM_MspInit
                0x08003580       0x10 ./Drivers/STM32F0xx_HAL_Driver/Src/stm32f0xx_hal_tim.o
                0x08003580                HAL_TIM_PWM_MspInit
 .text.HAL_TIM_PWM_Start
                0x08003590      0x158 ./Drivers/STM32F0xx_HAL_Driver/Src/stm32f0xx_hal_tim.o
                0x08003590                HAL_TIM_PWM_Start
 .text.HAL_TIM_IC_Init
                0x080036e8       0xa0 ./Drivers/STM32F0xx_HAL_Driver/Src/stm32f0xx_hal_tim.o
                0x080036e8                HAL_TIM_IC_Init
 .text.HAL_TIM_IC_MspInit
                0x08003788       0x10 ./Drivers/STM32F0xx_HAL_Driver/Src/stm32f0xx_hal_tim.o
                0x08003788                HAL_TIM_IC_MspInit
 .text.HAL_TIM_IC_Start_IT
                0x08003798      0x210 ./Drivers/STM32F0xx_HAL_Driver/Src/stm32f0xx_hal_tim.o
                0x08003798                HAL_TIM_IC_Start_IT
 .text.HAL_TIM_IRQHandler
                0x080039a8      0x22c ./Drivers/STM32F0xx_HAL_Driver/Src/stm32f0xx_hal_tim.o
                0x080039a8                HAL_TIM_IRQHandler
 .text.HAL_TIM_IC_ConfigChannel
                0x08003bd4      0x148 ./Drivers/STM32F0xx_HAL_Driver/Src/stm32f0xx_hal_tim.o
                0x08003bd4                HAL_TIM_IC_ConfigChannel
 .text.HAL_TIM_PWM_ConfigChannel
                0x08003d1c      0x18c ./Drivers/STM32F0xx_HAL_Driver/Src/stm32f0xx_hal_tim.o
                0x08003d1c                HAL_TIM_PWM_ConfigChannel
 .text.HAL_TIM_ConfigClockSource
                0x08003ea8      0x1a8 ./Drivers/STM32F0xx_HAL_Driver/Src/stm32f0xx_hal_tim.o
                0x08003ea8                HAL_TIM_ConfigClockSource
 .text.HAL_TIM_ReadCapturedValue
                0x08004050       0x68 ./Drivers/STM32F0xx_HAL_Driver/Src/stm32f0xx_hal_tim.o
                0x08004050                HAL_TIM_ReadCapturedValue
 .text.HAL_TIM_PeriodElapsedCallback
                0x080040b8       0x10 ./Drivers/STM32F0xx_HAL_Driver/Src/stm32f0xx_hal_tim.o
                0x080040b8                HAL_TIM_PeriodElapsedCallback
 .text.HAL_TIM_OC_DelayElapsedCallback
                0x080040c8       0x10 ./Drivers/STM32F0xx_HAL_Driver/Src/stm32f0xx_hal_tim.o
                0x080040c8                HAL_TIM_OC_DelayElapsedCallback
 .text.HAL_TIM_PWM_PulseFinishedCallback
                0x080040d8       0x10 ./Drivers/STM32F0xx_HAL_Driver/Src/stm32f0xx_hal_tim.o
                0x080040d8                HAL_TIM_PWM_PulseFinishedCallback
 .text.HAL_TIM_TriggerCallback
                0x080040e8       0x10 ./Drivers/STM32F0xx_HAL_Driver/Src/stm32f0xx_hal_tim.o
                0x080040e8                HAL_TIM_TriggerCallback
 .text.TIM_Base_SetConfig
                0x080040f8       0xec ./Drivers/STM32F0xx_HAL_Driver/Src/stm32f0xx_hal_tim.o
                0x080040f8                TIM_Base_SetConfig
 .text.TIM_OC1_SetConfig
                0x080041e4       0xfc ./Drivers/STM32F0xx_HAL_Driver/Src/stm32f0xx_hal_tim.o
 .text.TIM_OC2_SetConfig
                0x080042e0       0xfc ./Drivers/STM32F0xx_HAL_Driver/Src/stm32f0xx_hal_tim.o
                0x080042e0                TIM_OC2_SetConfig
 .text.TIM_OC3_SetConfig
                0x080043dc      0x100 ./Drivers/STM32F0xx_HAL_Driver/Src/stm32f0xx_hal_tim.o
 .text.TIM_OC4_SetConfig
                0x080044dc       0xc8 ./Drivers/STM32F0xx_HAL_Driver/Src/stm32f0xx_hal_tim.o
 .text.TIM_TI1_SetConfig
                0x080045a4       0xac ./Drivers/STM32F0xx_HAL_Driver/Src/stm32f0xx_hal_tim.o
                0x080045a4                TIM_TI1_SetConfig
 .text.TIM_TI1_ConfigInputStage
                0x08004650       0x5c ./Drivers/STM32F0xx_HAL_Driver/Src/stm32f0xx_hal_tim.o
 .text.TIM_TI2_SetConfig
                0x080046ac       0x84 ./Drivers/STM32F0xx_HAL_Driver/Src/stm32f0xx_hal_tim.o
 .text.TIM_TI2_ConfigInputStage
                0x08004730       0x64 ./Drivers/STM32F0xx_HAL_Driver/Src/stm32f0xx_hal_tim.o
 .text.TIM_TI3_SetConfig
                0x08004794       0x80 ./Drivers/STM32F0xx_HAL_Driver/Src/stm32f0xx_hal_tim.o
 .text.TIM_TI4_SetConfig
                0x08004814       0x8c ./Drivers/STM32F0xx_HAL_Driver/Src/stm32f0xx_hal_tim.o
 .text.TIM_ITRx_SetConfig
                0x080048a0       0x32 ./Drivers/STM32F0xx_HAL_Driver/Src/stm32f0xx_hal_tim.o
 *fill*         0x080048d2        0x2 
 .text.TIM_ETR_SetConfig
                0x080048d4       0x40 ./Drivers/STM32F0xx_HAL_Driver/Src/stm32f0xx_hal_tim.o
                0x080048d4                TIM_ETR_SetConfig
 .text.TIM_CCxChannelCmd
                0x08004914       0x46 ./Drivers/STM32F0xx_HAL_Driver/Src/stm32f0xx_hal_tim.o
                0x08004914                TIM_CCxChannelCmd
 *fill*         0x0800495a        0x2 
 .text.HAL_TIMEx_MasterConfigSynchronization
                0x0800495c       0xb0 ./Drivers/STM32F0xx_HAL_Driver/Src/stm32f0xx_hal_tim_ex.o
                0x0800495c                HAL_TIMEx_MasterConfigSynchronization
 .text.HAL_TIMEx_ConfigBreakDeadTime
                0x08004a0c       0xbc ./Drivers/STM32F0xx_HAL_Driver/Src/stm32f0xx_hal_tim_ex.o
                0x08004a0c                HAL_TIMEx_ConfigBreakDeadTime
 .text.HAL_TIMEx_CommutCallback
                0x08004ac8       0x10 ./Drivers/STM32F0xx_HAL_Driver/Src/stm32f0xx_hal_tim_ex.o
                0x08004ac8                HAL_TIMEx_CommutCallback
 .text.HAL_TIMEx_BreakCallback
                0x08004ad8       0x10 ./Drivers/STM32F0xx_HAL_Driver/Src/stm32f0xx_hal_tim_ex.o
                0x08004ad8                HAL_TIMEx_BreakCallback
 .text.HAL_UART_Init
                0x08004ae8       0xa8 ./Drivers/STM32F0xx_HAL_Driver/Src/stm32f0xx_hal_uart.o
                0x08004ae8                HAL_UART_Init
 .text.HAL_UART_IRQHandler
                0x08004b90      0x5c0 ./Drivers/STM32F0xx_HAL_Driver/Src/stm32f0xx_hal_uart.o
                0x08004b90                HAL_UART_IRQHandler
 .text.HAL_UART_TxCpltCallback
                0x08005150       0x10 ./Drivers/STM32F0xx_HAL_Driver/Src/stm32f0xx_hal_uart.o
                0x08005150                HAL_UART_TxCpltCallback
 .text.HAL_UART_ErrorCallback
                0x08005160       0x10 ./Drivers/STM32F0xx_HAL_Driver/Src/stm32f0xx_hal_uart.o
                0x08005160                HAL_UART_ErrorCallback
 .text.HAL_UARTEx_RxEventCallback
                0x08005170       0x16 ./Drivers/STM32F0xx_HAL_Driver/Src/stm32f0xx_hal_uart.o
                0x08005170                HAL_UARTEx_RxEventCallback
 *fill*         0x08005186        0x2 
 .text.UART_SetConfig
                0x08005188      0x280 ./Drivers/STM32F0xx_HAL_Driver/Src/stm32f0xx_hal_uart.o
                0x08005188                UART_SetConfig
 .text.UART_AdvFeatureConfig
                0x08005408      0x168 ./Drivers/STM32F0xx_HAL_Driver/Src/stm32f0xx_hal_uart.o
                0x08005408                UART_AdvFeatureConfig
 .text.UART_CheckIdleState
                0x08005570      0x150 ./Drivers/STM32F0xx_HAL_Driver/Src/stm32f0xx_hal_uart.o
                0x08005570                UART_CheckIdleState
 .text.UART_WaitOnFlagUntilTimeout
                0x080056c0       0xd2 ./Drivers/STM32F0xx_HAL_Driver/Src/stm32f0xx_hal_uart.o
                0x080056c0                UART_WaitOnFlagUntilTimeout
 *fill*         0x08005792        0x2 
 .text.UART_EndRxTransfer
                0x08005794       0xc8 ./Drivers/STM32F0xx_HAL_Driver/Src/stm32f0xx_hal_uart.o
 .text.UART_DMAAbortOnError
                0x0800585c       0x2e ./Drivers/STM32F0xx_HAL_Driver/Src/stm32f0xx_hal_uart.o
 .text.UART_EndTransmit_IT
                0x0800588a       0x56 ./Drivers/STM32F0xx_HAL_Driver/Src/stm32f0xx_hal_uart.o
 .text.HAL_UARTEx_WakeupCallback
                0x080058e0       0x10 ./Drivers/STM32F0xx_HAL_Driver/Src/stm32f0xx_hal_uart_ex.o
                0x080058e0                HAL_UARTEx_WakeupCallback
 .text.memset   0x080058f0       0x10 /Applications/STM32CubeIDE.app/Contents/Eclipse/plugins/com.st.stm32cube.ide.mcu.externaltools.gnu-tools-for-stm32.12.3.rel1.macos64_1.0.200.202406191456/tools/bin/../lib/gcc/arm-none-eabi/12.3.1/../../../../arm-none-eabi/lib/thumb/v6-m/nofp/libc_nano.a(libc_a-memset.o)
                0x080058f0                memset
 .text.__libc_init_array
                0x08005900       0x48 /Applications/STM32CubeIDE.app/Contents/Eclipse/plugins/com.st.stm32cube.ide.mcu.externaltools.gnu-tools-for-stm32.12.3.rel1.macos64_1.0.200.202406191456/tools/bin/../lib/gcc/arm-none-eabi/12.3.1/../../../../arm-none-eabi/lib/thumb/v6-m/nofp/libc_nano.a(libc_a-init.o)
                0x08005900                __libc_init_array
 .text.memcpy   0x08005948       0x12 /Applications/STM32CubeIDE.app/Contents/Eclipse/plugins/com.st.stm32cube.ide.mcu.externaltools.gnu-tools-for-stm32.12.3.rel1.macos64_1.0.200.202406191456/tools/bin/../lib/gcc/arm-none-eabi/12.3.1/../../../../arm-none-eabi/lib/thumb/v6-m/nofp/libc_nano.a(libc_a-memcpy-stub.o)
                0x08005948                memcpy
 *(.glue_7)
 .glue_7        0x0800595a        0x0 linker stubs
 *(.glue_7t)
 .glue_7t       0x0800595a        0x0 linker stubs
 *(.eh_frame)
 *fill*         0x0800595a        0x2 
 .eh_frame      0x0800595c        0x0 /Applications/STM32CubeIDE.app/Contents/Eclipse/plugins/com.st.stm32cube.ide.mcu.externaltools.gnu-tools-for-stm32.12.3.rel1.macos64_1.0.200.202406191456/tools/bin/../lib/gcc/arm-none-eabi/12.3.1/thumb/v6-m/nofp/crtbegin.o
 *(.init)
 .init          0x0800595c        0x4 /Applications/STM32CubeIDE.app/Contents/Eclipse/plugins/com.st.stm32cube.ide.mcu.externaltools.gnu-tools-for-stm32.12.3.rel1.macos64_1.0.200.202406191456/tools/bin/../lib/gcc/arm-none-eabi/12.3.1/thumb/v6-m/nofp/crti.o
                0x0800595c                _init
 .init          0x08005960        0x8 /Applications/STM32CubeIDE.app/Contents/Eclipse/plugins/com.st.stm32cube.ide.mcu.externaltools.gnu-tools-for-stm32.12.3.rel1.macos64_1.0.200.202406191456/tools/bin/../lib/gcc/arm-none-eabi/12.3.1/thumb/v6-m/nofp/crtn.o
 *(.fini)
 .fini          0x08005968        0x4 /Applications/STM32CubeIDE.app/Contents/Eclipse/plugins/com.st.stm32cube.ide.mcu.externaltools.gnu-tools-for-stm32.12.3.rel1.macos64_1.0.200.202406191456/tools/bin/../lib/gcc/arm-none-eabi/12.3.1/thumb/v6-m/nofp/crti.o
                0x08005968                _fini
 .fini          0x0800596c        0x8 /Applications/STM32CubeIDE.app/Contents/Eclipse/plugins/com.st.stm32cube.ide.mcu.externaltools.gnu-tools-for-stm32.12.3.rel1.macos64_1.0.200.202406191456/tools/bin/../lib/gcc/arm-none-eabi/12.3.1/thumb/v6-m/nofp/crtn.o
                0x08005974                        . = ALIGN (0x4)
                0x08005974                        _etext = .

.vfp11_veneer   0x08005974        0x0
 .vfp11_veneer  0x08005974        0x0 linker stubs

.v4_bx          0x08005974        0x0
 .v4_bx         0x08005974        0x0 linker stubs

.iplt           0x08005974        0x0
 .iplt          0x08005974        0x0 /Applications/STM32CubeIDE.app/Contents/Eclipse/plugins/com.st.stm32cube.ide.mcu.externaltools.gnu-tools-for-stm32.12.3.rel1.macos64_1.0.200.202406191456/tools/bin/../lib/gcc/arm-none-eabi/12.3.1/thumb/v6-m/nofp/crtbegin.o

.rodata         0x08005974       0xb4
                0x08005974                        . = ALIGN (0x4)
 *(.rodata)
 .rodata        0x08005974       0x7c /Applications/STM32CubeIDE.app/Contents/Eclipse/plugins/com.st.stm32cube.ide.mcu.externaltools.gnu-tools-for-stm32.12.3.rel1.macos64_1.0.200.202406191456/tools/bin/../lib/gcc/arm-none-eabi/12.3.1/thumb/v6-m/nofp/libgcc.a(divsf3.o)
 *(.rodata*)
 .rodata.AHBPrescTable
                0x080059f0       0x10 ./Core/Src/system_stm32f0xx.o
                0x080059f0                AHBPrescTable
 .rodata.APBPrescTable
                0x08005a00        0x8 ./Core/Src/system_stm32f0xx.o
                0x08005a00                APBPrescTable
 .rodata.aPLLMULFactorTable.1
                0x08005a08       0x10 ./Drivers/STM32F0xx_HAL_Driver/Src/stm32f0xx_hal_rcc.o
 .rodata.aPredivFactorTable.0
                0x08005a18       0x10 ./Drivers/STM32F0xx_HAL_Driver/Src/stm32f0xx_hal_rcc.o
                0x08005a28                        . = ALIGN (0x4)

.rel.dyn        0x08005a28        0x0
 .rel.iplt      0x08005a28        0x0 /Applications/STM32CubeIDE.app/Contents/Eclipse/plugins/com.st.stm32cube.ide.mcu.externaltools.gnu-tools-for-stm32.12.3.rel1.macos64_1.0.200.202406191456/tools/bin/../lib/gcc/arm-none-eabi/12.3.1/thumb/v6-m/nofp/crtbegin.o

.ARM.extab      0x08005a28        0x0
                0x08005a28                        . = ALIGN (0x4)
 *(.ARM.extab* .gnu.linkonce.armextab.*)
                0x08005a28                        . = ALIGN (0x4)

.ARM            0x08005a28        0x0
                0x08005a28                        . = ALIGN (0x4)
                0x08005a28                        __exidx_start = .
 *(.ARM.exidx*)
                0x08005a28                        __exidx_end = .
                0x08005a28                        . = ALIGN (0x4)

.preinit_array  0x08005a28        0x0
                0x08005a28                        . = ALIGN (0x4)
                0x08005a28                        PROVIDE (__preinit_array_start = .)
 *(.preinit_array*)
                0x08005a28                        PROVIDE (__preinit_array_end = .)
                0x08005a28                        . = ALIGN (0x4)

.init_array     0x08005a28        0x4
                0x08005a28                        . = ALIGN (0x4)
                0x08005a28                        PROVIDE (__init_array_start = .)
 *(SORT_BY_NAME(.init_array.*))
 *(.init_array*)
 .init_array    0x08005a28        0x4 /Applications/STM32CubeIDE.app/Contents/Eclipse/plugins/com.st.stm32cube.ide.mcu.externaltools.gnu-tools-for-stm32.12.3.rel1.macos64_1.0.200.202406191456/tools/bin/../lib/gcc/arm-none-eabi/12.3.1/thumb/v6-m/nofp/crtbegin.o
                0x08005a2c                        PROVIDE (__init_array_end = .)
                0x08005a2c                        . = ALIGN (0x4)

.fini_array     0x08005a2c        0x4
                0x08005a2c                        . = ALIGN (0x4)
                [!provide]                        PROVIDE (__fini_array_start = .)
 *(SORT_BY_NAME(.fini_array.*))
 *(.fini_array*)
 .fini_array    0x08005a2c        0x4 /Applications/STM32CubeIDE.app/Contents/Eclipse/plugins/com.st.stm32cube.ide.mcu.externaltools.gnu-tools-for-stm32.12.3.rel1.macos64_1.0.200.202406191456/tools/bin/../lib/gcc/arm-none-eabi/12.3.1/thumb/v6-m/nofp/crtbegin.o
                [!provide]                        PROVIDE (__fini_array_end = .)
                0x08005a30                        . = ALIGN (0x4)
                0x08005a30                        _sidata = LOADADDR (.data)

.data           0x20000000       0x48 load address 0x08005a30
                0x20000000                        . = ALIGN (0x4)
                0x20000000                        _sdata = .
 *(.data)
 *(.data*)
 .data.timer    0x20000000       0x14 ./Core/Src/FEB_Fan.o
 .data.tim_active_channels
                0x20000014       0x14 ./Core/Src/FEB_Fan.o
 .data.tim_channels
                0x20000028       0x14 ./Core/Src/FEB_Fan.o
 .data.SystemCoreClock
                0x2000003c        0x4 ./Core/Src/system_stm32f0xx.o
                0x2000003c                SystemCoreClock
 .data.uwTickPrio
                0x20000040        0x4 ./Drivers/STM32F0xx_HAL_Driver/Src/stm32f0xx_hal.o
                0x20000040                uwTickPrio
 .data.uwTickFreq
                0x20000044        0x1 ./Drivers/STM32F0xx_HAL_Driver/Src/stm32f0xx_hal.o
                0x20000044                uwTickFreq
 *(.RamFunc)
 *(.RamFunc*)
                0x20000048                        . = ALIGN (0x4)
 *fill*         0x20000045        0x3 
                0x20000048                        _edata = .

.igot.plt       0x20000048        0x0 load address 0x08005a78
 .igot.plt      0x20000048        0x0 /Applications/STM32CubeIDE.app/Contents/Eclipse/plugins/com.st.stm32cube.ide.mcu.externaltools.gnu-tools-for-stm32.12.3.rel1.macos64_1.0.200.202406191456/tools/bin/../lib/gcc/arm-none-eabi/12.3.1/thumb/v6-m/nofp/crtbegin.o
                0x20000048                        . = ALIGN (0x4)

.bss            0x20000048      0x26c load address 0x08005a78
                0x20000048                        _sbss = .
                0x20000048                        __bss_start__ = _sbss
 *(.bss)
 .bss           0x20000048       0x1c /Applications/STM32CubeIDE.app/Contents/Eclipse/plugins/com.st.stm32cube.ide.mcu.externaltools.gnu-tools-for-stm32.12.3.rel1.macos64_1.0.200.202406191456/tools/bin/../lib/gcc/arm-none-eabi/12.3.1/thumb/v6-m/nofp/crtbegin.o
 *(.bss*)
 .bss.FEB_CAN_Tx_Header
                0x20000064       0x18 ./Core/Src/FEB_CAN.o
                0x20000064                FEB_CAN_Tx_Header
 .bss.FEB_CAN_Tx_Data
                0x2000007c        0x8 ./Core/Src/FEB_CAN.o
                0x2000007c                FEB_CAN_Tx_Data
 .bss.FEB_CAN_Tx_Mailbox
                0x20000084        0x4 ./Core/Src/FEB_CAN.o
                0x20000084                FEB_CAN_Tx_Mailbox
 .bss.frequency
                0x20000088        0xa ./Core/Src/FEB_Fan.o
                0x20000088                frequency
 *fill*         0x20000092        0x2 
 .bss.filter    0x20000094       0x14 ./Core/Src/FEB_Fan.o
 .bss.filter_init
                0x200000a8        0x5 ./Core/Src/FEB_Fan.o
 *fill*         0x200000ad        0x3 
 .bss.IC_first_rising_edge
                0x200000b0       0x14 ./Core/Src/FEB_Fan.o
 .bss.IC_second_rising_edge
                0x200000c4       0x14 ./Core/Src/FEB_Fan.o
 .bss.first_capture
                0x200000d8        0x5 ./Core/Src/FEB_Fan.o
 *fill*         0x200000dd        0x3 
 .bss.hcan      0x200000e0       0x28 ./Core/Src/main.o
                0x200000e0                hcan
 .bss.htim1     0x20000108       0x48 ./Core/Src/main.o
                0x20000108                htim1
 .bss.htim2     0x20000150       0x48 ./Core/Src/main.o
                0x20000150                htim2
 .bss.htim3     0x20000198       0x48 ./Core/Src/main.o
                0x20000198                htim3
 .bss.htim14    0x200001e0       0x48 ./Core/Src/main.o
                0x200001e0                htim14
 .bss.huart2    0x20000228       0x88 ./Core/Src/main.o
                0x20000228                huart2
 .bss.uwTick    0x200002b0        0x4 ./Drivers/STM32F0xx_HAL_Driver/Src/stm32f0xx_hal.o
                0x200002b0                uwTick
 *(COMMON)
                0x200002b4                        . = ALIGN (0x4)
                0x200002b4                        _ebss = .
                0x200002b4                        __bss_end__ = _ebss

._user_heap_stack
                0x200002b4      0x604 load address 0x08005a78
                0x200002b8                        . = ALIGN (0x8)
 *fill*         0x200002b4        0x4 
                [!provide]                        PROVIDE (end = .)
                0x200002b8                        PROVIDE (_end = .)
                0x200004b8                        . = (. + _Min_Heap_Size)
 *fill*         0x200002b8      0x200 
                0x200008b8                        . = (. + _Min_Stack_Size)
 *fill*         0x200004b8      0x400 
                0x200008b8                        . = ALIGN (0x8)

/DISCARD/
 libc.a(*)
 libm.a(*)
 libgcc.a(*)

.ARM.attributes
                0x00000000       0x28
 *(.ARM.attributes)
 .ARM.attributes
                0x00000000       0x1e /Applications/STM32CubeIDE.app/Contents/Eclipse/plugins/com.st.stm32cube.ide.mcu.externaltools.gnu-tools-for-stm32.12.3.rel1.macos64_1.0.200.202406191456/tools/bin/../lib/gcc/arm-none-eabi/12.3.1/thumb/v6-m/nofp/crti.o
 .ARM.attributes
                0x0000001e       0x2c /Applications/STM32CubeIDE.app/Contents/Eclipse/plugins/com.st.stm32cube.ide.mcu.externaltools.gnu-tools-for-stm32.12.3.rel1.macos64_1.0.200.202406191456/tools/bin/../lib/gcc/arm-none-eabi/12.3.1/thumb/v6-m/nofp/crtbegin.o
 .ARM.attributes
                0x0000004a       0x2c ./Core/Src/FEB_CAN.o
 .ARM.attributes
                0x00000076       0x2c ./Core/Src/FEB_CAN_BMS.o
 .ARM.attributes
                0x000000a2       0x2c ./Core/Src/FEB_Fan.o
 .ARM.attributes
                0x000000ce       0x2c ./Core/Src/FEB_Main.o
 .ARM.attributes
                0x000000fa       0x2c ./Core/Src/main.o
 .ARM.attributes
                0x00000126       0x2c ./Core/Src/stm32f0xx_hal_msp.o
 .ARM.attributes
                0x00000152       0x2c ./Core/Src/stm32f0xx_it.o
 .ARM.attributes
                0x0000017e       0x2c ./Core/Src/system_stm32f0xx.o
 .ARM.attributes
                0x000001aa       0x21 ./Core/Startup/startup_stm32f042k6tx.o
 .ARM.attributes
                0x000001cb       0x2c ./Drivers/STM32F0xx_HAL_Driver/Src/stm32f0xx_hal.o
 .ARM.attributes
                0x000001f7       0x2c ./Drivers/STM32F0xx_HAL_Driver/Src/stm32f0xx_hal_can.o
 .ARM.attributes
                0x00000223       0x2c ./Drivers/STM32F0xx_HAL_Driver/Src/stm32f0xx_hal_cortex.o
 .ARM.attributes
                0x0000024f       0x2c ./Drivers/STM32F0xx_HAL_Driver/Src/stm32f0xx_hal_dma.o
 .ARM.attributes
                0x0000027b       0x2c ./Drivers/STM32F0xx_HAL_Driver/Src/stm32f0xx_hal_gpio.o
 .ARM.attributes
                0x000002a7       0x2c ./Drivers/STM32F0xx_HAL_Driver/Src/stm32f0xx_hal_rcc.o
 .ARM.attributes
                0x000002d3       0x2c ./Drivers/STM32F0xx_HAL_Driver/Src/stm32f0xx_hal_tim.o
 .ARM.attributes
                0x000002ff       0x2c ./Drivers/STM32F0xx_HAL_Driver/Src/stm32f0xx_hal_tim_ex.o
 .ARM.attributes
                0x0000032b       0x2c ./Drivers/STM32F0xx_HAL_Driver/Src/stm32f0xx_hal_uart.o
 .ARM.attributes
                0x00000357       0x2c ./Drivers/STM32F0xx_HAL_Driver/Src/stm32f0xx_hal_uart_ex.o
 .ARM.attributes
                0x00000383       0x2c /Applications/STM32CubeIDE.app/Contents/Eclipse/plugins/com.st.stm32cube.ide.mcu.externaltools.gnu-tools-for-stm32.12.3.rel1.macos64_1.0.200.202406191456/tools/bin/../lib/gcc/arm-none-eabi/12.3.1/../../../../arm-none-eabi/lib/thumb/v6-m/nofp/libc_nano.a(libc_a-memset.o)
 .ARM.attributes
                0x000003af       0x2c /Applications/STM32CubeIDE.app/Contents/Eclipse/plugins/com.st.stm32cube.ide.mcu.externaltools.gnu-tools-for-stm32.12.3.rel1.macos64_1.0.200.202406191456/tools/bin/../lib/gcc/arm-none-eabi/12.3.1/../../../../arm-none-eabi/lib/thumb/v6-m/nofp/libc_nano.a(libc_a-init.o)
 .ARM.attributes
                0x000003db       0x2c /Applications/STM32CubeIDE.app/Contents/Eclipse/plugins/com.st.stm32cube.ide.mcu.externaltools.gnu-tools-for-stm32.12.3.rel1.macos64_1.0.200.202406191456/tools/bin/../lib/gcc/arm-none-eabi/12.3.1/../../../../arm-none-eabi/lib/thumb/v6-m/nofp/libc_nano.a(libc_a-memcpy-stub.o)
 .ARM.attributes
                0x00000407       0x1e /Applications/STM32CubeIDE.app/Contents/Eclipse/plugins/com.st.stm32cube.ide.mcu.externaltools.gnu-tools-for-stm32.12.3.rel1.macos64_1.0.200.202406191456/tools/bin/../lib/gcc/arm-none-eabi/12.3.1/thumb/v6-m/nofp/libgcc.a(_udivsi3.o)
 .ARM.attributes
                0x00000425       0x1e /Applications/STM32CubeIDE.app/Contents/Eclipse/plugins/com.st.stm32cube.ide.mcu.externaltools.gnu-tools-for-stm32.12.3.rel1.macos64_1.0.200.202406191456/tools/bin/../lib/gcc/arm-none-eabi/12.3.1/thumb/v6-m/nofp/libgcc.a(_dvmd_tls.o)
 .ARM.attributes
                0x00000443       0x2c /Applications/STM32CubeIDE.app/Contents/Eclipse/plugins/com.st.stm32cube.ide.mcu.externaltools.gnu-tools-for-stm32.12.3.rel1.macos64_1.0.200.202406191456/tools/bin/../lib/gcc/arm-none-eabi/12.3.1/thumb/v6-m/nofp/libgcc.a(_fixunssfsi.o)
 .ARM.attributes
                0x0000046f       0x2c /Applications/STM32CubeIDE.app/Contents/Eclipse/plugins/com.st.stm32cube.ide.mcu.externaltools.gnu-tools-for-stm32.12.3.rel1.macos64_1.0.200.202406191456/tools/bin/../lib/gcc/arm-none-eabi/12.3.1/thumb/v6-m/nofp/libgcc.a(divsf3.o)
 .ARM.attributes
                0x0000049b       0x2c /Applications/STM32CubeIDE.app/Contents/Eclipse/plugins/com.st.stm32cube.ide.mcu.externaltools.gnu-tools-for-stm32.12.3.rel1.macos64_1.0.200.202406191456/tools/bin/../lib/gcc/arm-none-eabi/12.3.1/thumb/v6-m/nofp/libgcc.a(subsf3.o)
 .ARM.attributes
                0x000004c7       0x2c /Applications/STM32CubeIDE.app/Contents/Eclipse/plugins/com.st.stm32cube.ide.mcu.externaltools.gnu-tools-for-stm32.12.3.rel1.macos64_1.0.200.202406191456/tools/bin/../lib/gcc/arm-none-eabi/12.3.1/thumb/v6-m/nofp/libgcc.a(fixsfsi.o)
 .ARM.attributes
                0x000004f3       0x2c /Applications/STM32CubeIDE.app/Contents/Eclipse/plugins/com.st.stm32cube.ide.mcu.externaltools.gnu-tools-for-stm32.12.3.rel1.macos64_1.0.200.202406191456/tools/bin/../lib/gcc/arm-none-eabi/12.3.1/thumb/v6-m/nofp/libgcc.a(floatunsisf.o)
 .ARM.attributes
                0x0000051f       0x1e /Applications/STM32CubeIDE.app/Contents/Eclipse/plugins/com.st.stm32cube.ide.mcu.externaltools.gnu-tools-for-stm32.12.3.rel1.macos64_1.0.200.202406191456/tools/bin/../lib/gcc/arm-none-eabi/12.3.1/thumb/v6-m/nofp/libgcc.a(_arm_cmpsf2.o)
 .ARM.attributes
                0x0000053d       0x1e /Applications/STM32CubeIDE.app/Contents/Eclipse/plugins/com.st.stm32cube.ide.mcu.externaltools.gnu-tools-for-stm32.12.3.rel1.macos64_1.0.200.202406191456/tools/bin/../lib/gcc/arm-none-eabi/12.3.1/thumb/v6-m/nofp/libgcc.a(_clzsi2.o)
 .ARM.attributes
                0x0000055b       0x2c /Applications/STM32CubeIDE.app/Contents/Eclipse/plugins/com.st.stm32cube.ide.mcu.externaltools.gnu-tools-for-stm32.12.3.rel1.macos64_1.0.200.202406191456/tools/bin/../lib/gcc/arm-none-eabi/12.3.1/thumb/v6-m/nofp/libgcc.a(eqsf2.o)
 .ARM.attributes
                0x00000587       0x2c /Applications/STM32CubeIDE.app/Contents/Eclipse/plugins/com.st.stm32cube.ide.mcu.externaltools.gnu-tools-for-stm32.12.3.rel1.macos64_1.0.200.202406191456/tools/bin/../lib/gcc/arm-none-eabi/12.3.1/thumb/v6-m/nofp/libgcc.a(gesf2.o)
 .ARM.attributes
                0x000005b3       0x2c /Applications/STM32CubeIDE.app/Contents/Eclipse/plugins/com.st.stm32cube.ide.mcu.externaltools.gnu-tools-for-stm32.12.3.rel1.macos64_1.0.200.202406191456/tools/bin/../lib/gcc/arm-none-eabi/12.3.1/thumb/v6-m/nofp/libgcc.a(lesf2.o)
 .ARM.attributes
                0x000005df       0x1e /Applications/STM32CubeIDE.app/Contents/Eclipse/plugins/com.st.stm32cube.ide.mcu.externaltools.gnu-tools-for-stm32.12.3.rel1.macos64_1.0.200.202406191456/tools/bin/../lib/gcc/arm-none-eabi/12.3.1/thumb/v6-m/nofp/crtn.o
OUTPUT(DART_3.elf elf32-littlearm)
LOAD linker stubs
LOAD /Applications/STM32CubeIDE.app/Contents/Eclipse/plugins/com.st.stm32cube.ide.mcu.externaltools.gnu-tools-for-stm32.12.3.rel1.macos64_1.0.200.202406191456/tools/bin/../lib/gcc/arm-none-eabi/12.3.1/../../../../arm-none-eabi/lib/thumb/v6-m/nofp/libc.a
LOAD /Applications/STM32CubeIDE.app/Contents/Eclipse/plugins/com.st.stm32cube.ide.mcu.externaltools.gnu-tools-for-stm32.12.3.rel1.macos64_1.0.200.202406191456/tools/bin/../lib/gcc/arm-none-eabi/12.3.1/../../../../arm-none-eabi/lib/thumb/v6-m/nofp/libm.a
LOAD /Applications/STM32CubeIDE.app/Contents/Eclipse/plugins/com.st.stm32cube.ide.mcu.externaltools.gnu-tools-for-stm32.12.3.rel1.macos64_1.0.200.202406191456/tools/bin/../lib/gcc/arm-none-eabi/12.3.1/thumb/v6-m/nofp/libgcc.a

.debug_info     0x00000000    0x106f4
 .debug_info    0x00000000      0x78c ./Core/Src/FEB_CAN.o
 .debug_info    0x0000078c      0x655 ./Core/Src/FEB_CAN_BMS.o
 .debug_info    0x00000de1      0x94f ./Core/Src/FEB_Fan.o
 .debug_info    0x00001730      0x4f1 ./Core/Src/FEB_Main.o
 .debug_info    0x00001c21     0x152f ./Core/Src/main.o
 .debug_info    0x00003150     0x1302 ./Core/Src/stm32f0xx_hal_msp.o
 .debug_info    0x00004452      0xa6c ./Core/Src/stm32f0xx_it.o
 .debug_info    0x00004ebe      0x242 ./Core/Src/system_stm32f0xx.o
 .debug_info    0x00005100       0x30 ./Core/Startup/startup_stm32f042k6tx.o
 .debug_info    0x00005130      0x69d ./Drivers/STM32F0xx_HAL_Driver/Src/stm32f0xx_hal.o
 .debug_info    0x000057cd      0xec9 ./Drivers/STM32F0xx_HAL_Driver/Src/stm32f0xx_hal_can.o
 .debug_info    0x00006696      0x6a7 ./Drivers/STM32F0xx_HAL_Driver/Src/stm32f0xx_hal_cortex.o
 .debug_info    0x00006d3d      0x6ea ./Drivers/STM32F0xx_HAL_Driver/Src/stm32f0xx_hal_dma.o
 .debug_info    0x00007427      0x5a6 ./Drivers/STM32F0xx_HAL_Driver/Src/stm32f0xx_hal_gpio.o
 .debug_info    0x000079cd      0x83f ./Drivers/STM32F0xx_HAL_Driver/Src/stm32f0xx_hal_rcc.o
 .debug_info    0x0000820c     0x2932 ./Drivers/STM32F0xx_HAL_Driver/Src/stm32f0xx_hal_tim.o
 .debug_info    0x0000ab3e     0x1492 ./Drivers/STM32F0xx_HAL_Driver/Src/stm32f0xx_hal_tim_ex.o
 .debug_info    0x0000bfd0     0x3aa2 ./Drivers/STM32F0xx_HAL_Driver/Src/stm32f0xx_hal_uart.o
 .debug_info    0x0000fa72      0xc82 ./Drivers/STM32F0xx_HAL_Driver/Src/stm32f0xx_hal_uart_ex.o

.debug_abbrev   0x00000000     0x2701
 .debug_abbrev  0x00000000      0x1e6 ./Core/Src/FEB_CAN.o
 .debug_abbrev  0x000001e6      0x186 ./Core/Src/FEB_CAN_BMS.o
 .debug_abbrev  0x0000036c      0x213 ./Core/Src/FEB_Fan.o
 .debug_abbrev  0x0000057f      0x168 ./Core/Src/FEB_Main.o
 .debug_abbrev  0x000006e7      0x359 ./Core/Src/main.o
 .debug_abbrev  0x00000a40      0x252 ./Core/Src/stm32f0xx_hal_msp.o
 .debug_abbrev  0x00000c92      0x19c ./Core/Src/stm32f0xx_it.o
 .debug_abbrev  0x00000e2e      0x11c ./Core/Src/system_stm32f0xx.o
 .debug_abbrev  0x00000f4a       0x24 ./Core/Startup/startup_stm32f042k6tx.o
 .debug_abbrev  0x00000f6e      0x247 ./Drivers/STM32F0xx_HAL_Driver/Src/stm32f0xx_hal.o
 .debug_abbrev  0x000011b5      0x1d4 ./Drivers/STM32F0xx_HAL_Driver/Src/stm32f0xx_hal_can.o
 .debug_abbrev  0x00001389      0x28c ./Drivers/STM32F0xx_HAL_Driver/Src/stm32f0xx_hal_cortex.o
 .debug_abbrev  0x00001615      0x224 ./Drivers/STM32F0xx_HAL_Driver/Src/stm32f0xx_hal_dma.o
 .debug_abbrev  0x00001839      0x1cb ./Drivers/STM32F0xx_HAL_Driver/Src/stm32f0xx_hal_gpio.o
 .debug_abbrev  0x00001a04      0x28c ./Drivers/STM32F0xx_HAL_Driver/Src/stm32f0xx_hal_rcc.o
 .debug_abbrev  0x00001c90      0x278 ./Drivers/STM32F0xx_HAL_Driver/Src/stm32f0xx_hal_tim.o
 .debug_abbrev  0x00001f08      0x283 ./Drivers/STM32F0xx_HAL_Driver/Src/stm32f0xx_hal_tim_ex.o
 .debug_abbrev  0x0000218b      0x2cd ./Drivers/STM32F0xx_HAL_Driver/Src/stm32f0xx_hal_uart.o
 .debug_abbrev  0x00002458      0x2a9 ./Drivers/STM32F0xx_HAL_Driver/Src/stm32f0xx_hal_uart_ex.o

.debug_aranges  0x00000000      0xe58
 .debug_aranges
                0x00000000       0x38 ./Core/Src/FEB_CAN.o
 .debug_aranges
                0x00000038       0x28 ./Core/Src/FEB_CAN_BMS.o
 .debug_aranges
                0x00000060       0x50 ./Core/Src/FEB_Fan.o
 .debug_aranges
                0x000000b0       0x28 ./Core/Src/FEB_Main.o
 .debug_aranges
                0x000000d8       0x70 ./Core/Src/main.o
 .debug_aranges
                0x00000148       0x58 ./Core/Src/stm32f0xx_hal_msp.o
 .debug_aranges
                0x000001a0       0x70 ./Core/Src/stm32f0xx_it.o
 .debug_aranges
                0x00000210       0x28 ./Core/Src/system_stm32f0xx.o
 .debug_aranges
                0x00000238       0x28 ./Core/Startup/startup_stm32f042k6tx.o
 .debug_aranges
                0x00000260       0xd0 ./Drivers/STM32F0xx_HAL_Driver/Src/stm32f0xx_hal.o
 .debug_aranges
                0x00000330      0x138 ./Drivers/STM32F0xx_HAL_Driver/Src/stm32f0xx_hal_can.o
 .debug_aranges
                0x00000468       0xc0 ./Drivers/STM32F0xx_HAL_Driver/Src/stm32f0xx_hal_cortex.o
 .debug_aranges
                0x00000528       0x88 ./Drivers/STM32F0xx_HAL_Driver/Src/stm32f0xx_hal_dma.o
 .debug_aranges
                0x000005b0       0x58 ./Drivers/STM32F0xx_HAL_Driver/Src/stm32f0xx_hal_gpio.o
 .debug_aranges
                0x00000608       0x80 ./Drivers/STM32F0xx_HAL_Driver/Src/stm32f0xx_hal_rcc.o
 .debug_aranges
                0x00000688      0x3d0 ./Drivers/STM32F0xx_HAL_Driver/Src/stm32f0xx_hal_tim.o
 .debug_aranges
                0x00000a58      0x168 ./Drivers/STM32F0xx_HAL_Driver/Src/stm32f0xx_hal_tim_ex.o
 .debug_aranges
                0x00000bc0      0x228 ./Drivers/STM32F0xx_HAL_Driver/Src/stm32f0xx_hal_uart.o
 .debug_aranges
                0x00000de8       0x70 ./Drivers/STM32F0xx_HAL_Driver/Src/stm32f0xx_hal_uart_ex.o

.debug_rnglists
                0x00000000      0xb39
 .debug_rnglists
                0x00000000       0x26 ./Core/Src/FEB_CAN.o
 .debug_rnglists
                0x00000026       0x1a ./Core/Src/FEB_CAN_BMS.o
 .debug_rnglists
                0x00000040       0x3b ./Core/Src/FEB_Fan.o
 .debug_rnglists
                0x0000007b       0x19 ./Core/Src/FEB_Main.o
 .debug_rnglists
                0x00000094       0x54 ./Core/Src/main.o
 .debug_rnglists
                0x000000e8       0x42 ./Core/Src/stm32f0xx_hal_msp.o
 .debug_rnglists
                0x0000012a       0x4f ./Core/Src/stm32f0xx_it.o
 .debug_rnglists
                0x00000179       0x1a ./Core/Src/system_stm32f0xx.o
 .debug_rnglists
                0x00000193       0x1a ./Core/Startup/startup_stm32f042k6tx.o
 .debug_rnglists
                0x000001ad       0x97 ./Drivers/STM32F0xx_HAL_Driver/Src/stm32f0xx_hal.o
 .debug_rnglists
                0x00000244       0xee ./Drivers/STM32F0xx_HAL_Driver/Src/stm32f0xx_hal_can.o
 .debug_rnglists
                0x00000332       0x8c ./Drivers/STM32F0xx_HAL_Driver/Src/stm32f0xx_hal_cortex.o
 .debug_rnglists
                0x000003be       0x6a ./Drivers/STM32F0xx_HAL_Driver/Src/stm32f0xx_hal_dma.o
 .debug_rnglists
                0x00000428       0x3f ./Drivers/STM32F0xx_HAL_Driver/Src/stm32f0xx_hal_gpio.o
 .debug_rnglists
                0x00000467       0x61 ./Drivers/STM32F0xx_HAL_Driver/Src/stm32f0xx_hal_rcc.o
 .debug_rnglists
                0x000004c8      0x31c ./Drivers/STM32F0xx_HAL_Driver/Src/stm32f0xx_hal_tim.o
 .debug_rnglists
                0x000007e4      0x126 ./Drivers/STM32F0xx_HAL_Driver/Src/stm32f0xx_hal_tim_ex.o
 .debug_rnglists
                0x0000090a      0x1db ./Drivers/STM32F0xx_HAL_Driver/Src/stm32f0xx_hal_uart.o
 .debug_rnglists
                0x00000ae5       0x54 ./Drivers/STM32F0xx_HAL_Driver/Src/stm32f0xx_hal_uart_ex.o

.debug_macro    0x00000000    0x18a14
 .debug_macro   0x00000000      0x32d ./Core/Src/FEB_CAN.o
 .debug_macro   0x0000032d      0x139 ./Core/Src/FEB_CAN.o
 .debug_macro   0x00000466       0x2e ./Core/Src/FEB_CAN.o
 .debug_macro   0x00000494       0x22 ./Core/Src/FEB_CAN.o
 .debug_macro   0x000004b6       0x1c ./Core/Src/FEB_CAN.o
 .debug_macro   0x000004d2       0x22 ./Core/Src/FEB_CAN.o
 .debug_macro   0x000004f4       0xaf ./Core/Src/FEB_CAN.o
 .debug_macro   0x000005a3      0x391 ./Core/Src/FEB_CAN.o
 .debug_macro   0x00000934     0xf209 ./Core/Src/FEB_CAN.o
 .debug_macro   0x0000fb3d       0x66 ./Core/Src/FEB_CAN.o
 .debug_macro   0x0000fba3     0x34be ./Core/Src/FEB_CAN.o
 .debug_macro   0x00013061       0x4f ./Core/Src/FEB_CAN.o
 .debug_macro   0x000130b0      0x946 ./Core/Src/FEB_CAN.o
 .debug_macro   0x000139f6      0x46b ./Core/Src/FEB_CAN.o
 .debug_macro   0x00013e61      0x1ae ./Core/Src/FEB_CAN.o
 .debug_macro   0x0001400f      0x130 ./Core/Src/FEB_CAN.o
 .debug_macro   0x0001413f      0x199 ./Core/Src/FEB_CAN.o
 .debug_macro   0x000142d8      0x1ed ./Core/Src/FEB_CAN.o
 .debug_macro   0x000144c5       0x34 ./Core/Src/FEB_CAN.o
 .debug_macro   0x000144f9       0x43 ./Core/Src/FEB_CAN.o
 .debug_macro   0x0001453c       0x28 ./Core/Src/FEB_CAN.o
 .debug_macro   0x00014564      0x408 ./Core/Src/FEB_CAN.o
 .debug_macro   0x0001496c       0xb0 ./Core/Src/FEB_CAN.o
 .debug_macro   0x00014a1c      0x182 ./Core/Src/FEB_CAN.o
 .debug_macro   0x00014b9e      0x22c ./Core/Src/FEB_CAN.o
 .debug_macro   0x00014dca       0x61 ./Core/Src/FEB_CAN.o
 .debug_macro   0x00014e2b       0xa5 ./Core/Src/FEB_CAN.o
 .debug_macro   0x00014ed0       0x4c ./Core/Src/FEB_CAN.o
 .debug_macro   0x00014f1c      0x15b ./Core/Src/FEB_CAN.o
 .debug_macro   0x00015077      0x8f4 ./Core/Src/FEB_CAN.o
 .debug_macro   0x0001596b       0x28 ./Core/Src/FEB_CAN.o
 .debug_macro   0x00015993      0x5ba ./Core/Src/FEB_CAN.o
 .debug_macro   0x00015f4d       0x44 ./Core/Src/FEB_CAN.o
 .debug_macro   0x00015f91      0x12e ./Core/Src/FEB_CAN.o
 .debug_macro   0x000160bf       0xc4 ./Core/Src/FEB_CAN.o
 .debug_macro   0x00016183       0x40 ./Core/Src/FEB_CAN.o
 .debug_macro   0x000161c3       0x1c ./Core/Src/FEB_CAN.o
 .debug_macro   0x000161df       0x10 ./Core/Src/FEB_CAN.o
 .debug_macro   0x000161ef       0x1c ./Core/Src/FEB_CAN.o
 .debug_macro   0x0001620b       0x16 ./Core/Src/FEB_CAN.o
 .debug_macro   0x00016221      0x146 ./Core/Src/FEB_CAN.o
 .debug_macro   0x00016367       0x40 ./Core/Src/FEB_CAN.o
 .debug_macro   0x000163a7      0x1f7 ./Core/Src/FEB_CAN_BMS.o
 .debug_macro   0x0001659e       0x8e ./Core/Src/FEB_CAN_BMS.o
 .debug_macro   0x0001662c       0x51 ./Core/Src/FEB_CAN_BMS.o
 .debug_macro   0x0001667d       0x55 ./Core/Src/FEB_CAN_BMS.o
 .debug_macro   0x000166d2      0x1e4 ./Core/Src/FEB_Fan.o
 .debug_macro   0x000168b6      0x333 ./Core/Src/FEB_Main.o
 .debug_macro   0x00016be9       0x61 ./Core/Src/FEB_Main.o
 .debug_macro   0x00016c4a      0x333 ./Core/Src/main.o
 .debug_macro   0x00016f7d      0x333 ./Core/Src/stm32f0xx_hal_msp.o
 .debug_macro   0x000172b0      0x33d ./Core/Src/stm32f0xx_it.o
 .debug_macro   0x000175ed      0x1cc ./Core/Src/system_stm32f0xx.o
 .debug_macro   0x000177b9      0x1f0 ./Drivers/STM32F0xx_HAL_Driver/Src/stm32f0xx_hal.o
 .debug_macro   0x000179a9      0x1d4 ./Drivers/STM32F0xx_HAL_Driver/Src/stm32f0xx_hal_can.o
 .debug_macro   0x00017b7d      0x1cc ./Drivers/STM32F0xx_HAL_Driver/Src/stm32f0xx_hal_cortex.o
 .debug_macro   0x00017d49      0x1cc ./Drivers/STM32F0xx_HAL_Driver/Src/stm32f0xx_hal_dma.o
 .debug_macro   0x00017f15      0x1d3 ./Drivers/STM32F0xx_HAL_Driver/Src/stm32f0xx_hal_gpio.o
 .debug_macro   0x000180e8      0x1de ./Drivers/STM32F0xx_HAL_Driver/Src/stm32f0xx_hal_rcc.o
 .debug_macro   0x000182c6      0x1cd ./Drivers/STM32F0xx_HAL_Driver/Src/stm32f0xx_hal_tim.o
 .debug_macro   0x00018493      0x1cc ./Drivers/STM32F0xx_HAL_Driver/Src/stm32f0xx_hal_tim_ex.o
 .debug_macro   0x0001865f      0x1e9 ./Drivers/STM32F0xx_HAL_Driver/Src/stm32f0xx_hal_uart.o
 .debug_macro   0x00018848      0x1cc ./Drivers/STM32F0xx_HAL_Driver/Src/stm32f0xx_hal_uart_ex.o

.debug_line     0x00000000    0x1209b
 .debug_line    0x00000000      0x9b3 ./Core/Src/FEB_CAN.o
 .debug_line    0x000009b3      0x77f ./Core/Src/FEB_CAN_BMS.o
 .debug_line    0x00001132      0x9a8 ./Core/Src/FEB_Fan.o
 .debug_line    0x00001ada      0x933 ./Core/Src/FEB_Main.o
 .debug_line    0x0000240d      0xc5f ./Core/Src/main.o
 .debug_line    0x0000306c      0xaf6 ./Core/Src/stm32f0xx_hal_msp.o
 .debug_line    0x00003b62      0xa1b ./Core/Src/stm32f0xx_it.o
 .debug_line    0x0000457d      0x79e ./Core/Src/system_stm32f0xx.o
 .debug_line    0x00004d1b       0x8d ./Core/Startup/startup_stm32f042k6tx.o
 .debug_line    0x00004da8      0x991 ./Drivers/STM32F0xx_HAL_Driver/Src/stm32f0xx_hal.o
 .debug_line    0x00005739     0x1199 ./Drivers/STM32F0xx_HAL_Driver/Src/stm32f0xx_hal_can.o
 .debug_line    0x000068d2      0xa3d ./Drivers/STM32F0xx_HAL_Driver/Src/stm32f0xx_hal_cortex.o
 .debug_line    0x0000730f      0xcb5 ./Drivers/STM32F0xx_HAL_Driver/Src/stm32f0xx_hal_dma.o
 .debug_line    0x00007fc4      0xb17 ./Drivers/STM32F0xx_HAL_Driver/Src/stm32f0xx_hal_gpio.o
 .debug_line    0x00008adb      0xe1e ./Drivers/STM32F0xx_HAL_Driver/Src/stm32f0xx_hal_rcc.o
 .debug_line    0x000098f9     0x36a1 ./Drivers/STM32F0xx_HAL_Driver/Src/stm32f0xx_hal_tim.o
 .debug_line    0x0000cf9a     0x190d ./Drivers/STM32F0xx_HAL_Driver/Src/stm32f0xx_hal_tim_ex.o
 .debug_line    0x0000e8a7     0x2c52 ./Drivers/STM32F0xx_HAL_Driver/Src/stm32f0xx_hal_uart.o
 .debug_line    0x000114f9      0xba2 ./Drivers/STM32F0xx_HAL_Driver/Src/stm32f0xx_hal_uart_ex.o

.debug_str      0x00000000    0x95cab
 .debug_str     0x00000000    0x92111 ./Core/Src/FEB_CAN.o
                              0x923e2 (size before relaxing)
 .debug_str     0x00092111      0x10d ./Core/Src/FEB_CAN_BMS.o
                              0x8d3c1 (size before relaxing)
 .debug_str     0x0009221e      0x5a4 ./Core/Src/FEB_Fan.o
                              0x8d216 (size before relaxing)
 .debug_str     0x000927c2       0x38 ./Core/Src/FEB_Main.o
                              0x92231 (size before relaxing)
 .debug_str     0x000927fa      0x733 ./Core/Src/main.o
                              0x92e69 (size before relaxing)
 .debug_str     0x00092f2d      0x2ac ./Core/Src/stm32f0xx_hal_msp.o
                              0x92c03 (size before relaxing)
 .debug_str     0x000931d9      0x11e ./Core/Src/stm32f0xx_it.o
                              0x92754 (size before relaxing)
 .debug_str     0x000932f7       0x8b ./Core/Src/system_stm32f0xx.o
                              0x8ca9e (size before relaxing)
 .debug_str     0x00093382       0x44 ./Core/Startup/startup_stm32f042k6tx.o
                                 0x76 (size before relaxing)
 .debug_str     0x000933c6      0x37a ./Drivers/STM32F0xx_HAL_Driver/Src/stm32f0xx_hal.o
                              0x8d050 (size before relaxing)
 .debug_str     0x00093740      0x3be ./Drivers/STM32F0xx_HAL_Driver/Src/stm32f0xx_hal_can.o
                              0x8d26f (size before relaxing)
 .debug_str     0x00093afe      0x179 ./Drivers/STM32F0xx_HAL_Driver/Src/stm32f0xx_hal_cortex.o
                              0x8ce41 (size before relaxing)
 .debug_str     0x00093c77      0x248 ./Drivers/STM32F0xx_HAL_Driver/Src/stm32f0xx_hal_dma.o
                              0x8ce44 (size before relaxing)
 .debug_str     0x00093ebf      0x14f ./Drivers/STM32F0xx_HAL_Driver/Src/stm32f0xx_hal_gpio.o
                              0x8cc3f (size before relaxing)
 .debug_str     0x0009400e      0x208 ./Drivers/STM32F0xx_HAL_Driver/Src/stm32f0xx_hal_rcc.o
                              0x8cee5 (size before relaxing)
 .debug_str     0x00094216      0xca6 ./Drivers/STM32F0xx_HAL_Driver/Src/stm32f0xx_hal_tim.o
                              0x8dea4 (size before relaxing)
 .debug_str     0x00094ebc      0x3e1 ./Drivers/STM32F0xx_HAL_Driver/Src/stm32f0xx_hal_tim_ex.o
                              0x8d6c0 (size before relaxing)
 .debug_str     0x0009529d      0x856 ./Drivers/STM32F0xx_HAL_Driver/Src/stm32f0xx_hal_uart.o
                              0x8d802 (size before relaxing)
 .debug_str     0x00095af3      0x1b8 ./Drivers/STM32F0xx_HAL_Driver/Src/stm32f0xx_hal_uart_ex.o
                              0x8d133 (size before relaxing)

.comment        0x00000000       0x43
 .comment       0x00000000       0x43 ./Core/Src/FEB_CAN.o
                                 0x44 (size before relaxing)
 .comment       0x00000043       0x44 ./Core/Src/FEB_CAN_BMS.o
 .comment       0x00000043       0x44 ./Core/Src/FEB_Fan.o
 .comment       0x00000043       0x44 ./Core/Src/FEB_Main.o
 .comment       0x00000043       0x44 ./Core/Src/main.o
 .comment       0x00000043       0x44 ./Core/Src/stm32f0xx_hal_msp.o
 .comment       0x00000043       0x44 ./Core/Src/stm32f0xx_it.o
 .comment       0x00000043       0x44 ./Core/Src/system_stm32f0xx.o
 .comment       0x00000043       0x44 ./Drivers/STM32F0xx_HAL_Driver/Src/stm32f0xx_hal.o
 .comment       0x00000043       0x44 ./Drivers/STM32F0xx_HAL_Driver/Src/stm32f0xx_hal_can.o
 .comment       0x00000043       0x44 ./Drivers/STM32F0xx_HAL_Driver/Src/stm32f0xx_hal_cortex.o
 .comment       0x00000043       0x44 ./Drivers/STM32F0xx_HAL_Driver/Src/stm32f0xx_hal_dma.o
 .comment       0x00000043       0x44 ./Drivers/STM32F0xx_HAL_Driver/Src/stm32f0xx_hal_gpio.o
 .comment       0x00000043       0x44 ./Drivers/STM32F0xx_HAL_Driver/Src/stm32f0xx_hal_rcc.o
 .comment       0x00000043       0x44 ./Drivers/STM32F0xx_HAL_Driver/Src/stm32f0xx_hal_tim.o
 .comment       0x00000043       0x44 ./Drivers/STM32F0xx_HAL_Driver/Src/stm32f0xx_hal_tim_ex.o
 .comment       0x00000043       0x44 ./Drivers/STM32F0xx_HAL_Driver/Src/stm32f0xx_hal_uart.o
 .comment       0x00000043       0x44 ./Drivers/STM32F0xx_HAL_Driver/Src/stm32f0xx_hal_uart_ex.o

.debug_frame    0x00000000     0x3480
 .debug_frame   0x00000000       0x8c ./Core/Src/FEB_CAN.o
 .debug_frame   0x0000008c       0x50 ./Core/Src/FEB_CAN_BMS.o
 .debug_frame   0x000000dc       0xec ./Core/Src/FEB_Fan.o
 .debug_frame   0x000001c8       0x48 ./Core/Src/FEB_Main.o
 .debug_frame   0x00000210      0x160 ./Core/Src/main.o
 .debug_frame   0x00000370      0x110 ./Core/Src/stm32f0xx_hal_msp.o
 .debug_frame   0x00000480      0x144 ./Core/Src/stm32f0xx_it.o
 .debug_frame   0x000005c4       0x4c ./Core/Src/system_stm32f0xx.o
 .debug_frame   0x00000610      0x2a4 ./Drivers/STM32F0xx_HAL_Driver/Src/stm32f0xx_hal.o
 .debug_frame   0x000008b4      0x490 ./Drivers/STM32F0xx_HAL_Driver/Src/stm32f0xx_hal_can.o
 .debug_frame   0x00000d44      0x2a0 ./Drivers/STM32F0xx_HAL_Driver/Src/stm32f0xx_hal_cortex.o
 .debug_frame   0x00000fe4      0x1d0 ./Drivers/STM32F0xx_HAL_Driver/Src/stm32f0xx_hal_dma.o
 .debug_frame   0x000011b4      0x110 ./Drivers/STM32F0xx_HAL_Driver/Src/stm32f0xx_hal_gpio.o
 .debug_frame   0x000012c4      0x198 ./Drivers/STM32F0xx_HAL_Driver/Src/stm32f0xx_hal_rcc.o
 .debug_frame   0x0000145c      0xf00 ./Drivers/STM32F0xx_HAL_Driver/Src/stm32f0xx_hal_tim.o
 .debug_frame   0x0000235c      0x560 ./Drivers/STM32F0xx_HAL_Driver/Src/stm32f0xx_hal_tim_ex.o
 .debug_frame   0x000028bc      0x850 ./Drivers/STM32F0xx_HAL_Driver/Src/stm32f0xx_hal_uart.o
 .debug_frame   0x0000310c      0x178 ./Drivers/STM32F0xx_HAL_Driver/Src/stm32f0xx_hal_uart_ex.o
 .debug_frame   0x00003284       0x20 /Applications/STM32CubeIDE.app/Contents/Eclipse/plugins/com.st.stm32cube.ide.mcu.externaltools.gnu-tools-for-stm32.12.3.rel1.macos64_1.0.200.202406191456/tools/bin/../lib/gcc/arm-none-eabi/12.3.1/../../../../arm-none-eabi/lib/thumb/v6-m/nofp/libc_nano.a(libc_a-memset.o)
 .debug_frame   0x000032a4       0x2c /Applications/STM32CubeIDE.app/Contents/Eclipse/plugins/com.st.stm32cube.ide.mcu.externaltools.gnu-tools-for-stm32.12.3.rel1.macos64_1.0.200.202406191456/tools/bin/../lib/gcc/arm-none-eabi/12.3.1/../../../../arm-none-eabi/lib/thumb/v6-m/nofp/libc_nano.a(libc_a-init.o)
 .debug_frame   0x000032d0       0x28 /Applications/STM32CubeIDE.app/Contents/Eclipse/plugins/com.st.stm32cube.ide.mcu.externaltools.gnu-tools-for-stm32.12.3.rel1.macos64_1.0.200.202406191456/tools/bin/../lib/gcc/arm-none-eabi/12.3.1/../../../../arm-none-eabi/lib/thumb/v6-m/nofp/libc_nano.a(libc_a-memcpy-stub.o)
 .debug_frame   0x000032f8       0x20 /Applications/STM32CubeIDE.app/Contents/Eclipse/plugins/com.st.stm32cube.ide.mcu.externaltools.gnu-tools-for-stm32.12.3.rel1.macos64_1.0.200.202406191456/tools/bin/../lib/gcc/arm-none-eabi/12.3.1/thumb/v6-m/nofp/libgcc.a(_udivsi3.o)
 .debug_frame   0x00003318       0x28 /Applications/STM32CubeIDE.app/Contents/Eclipse/plugins/com.st.stm32cube.ide.mcu.externaltools.gnu-tools-for-stm32.12.3.rel1.macos64_1.0.200.202406191456/tools/bin/../lib/gcc/arm-none-eabi/12.3.1/thumb/v6-m/nofp/libgcc.a(_fixunssfsi.o)
 .debug_frame   0x00003340       0x38 /Applications/STM32CubeIDE.app/Contents/Eclipse/plugins/com.st.stm32cube.ide.mcu.externaltools.gnu-tools-for-stm32.12.3.rel1.macos64_1.0.200.202406191456/tools/bin/../lib/gcc/arm-none-eabi/12.3.1/thumb/v6-m/nofp/libgcc.a(divsf3.o)
 .debug_frame   0x00003378       0x38 /Applications/STM32CubeIDE.app/Contents/Eclipse/plugins/com.st.stm32cube.ide.mcu.externaltools.gnu-tools-for-stm32.12.3.rel1.macos64_1.0.200.202406191456/tools/bin/../lib/gcc/arm-none-eabi/12.3.1/thumb/v6-m/nofp/libgcc.a(subsf3.o)
 .debug_frame   0x000033b0       0x20 /Applications/STM32CubeIDE.app/Contents/Eclipse/plugins/com.st.stm32cube.ide.mcu.externaltools.gnu-tools-for-stm32.12.3.rel1.macos64_1.0.200.202406191456/tools/bin/../lib/gcc/arm-none-eabi/12.3.1/thumb/v6-m/nofp/libgcc.a(fixsfsi.o)
 .debug_frame   0x000033d0       0x2c /Applications/STM32CubeIDE.app/Contents/Eclipse/plugins/com.st.stm32cube.ide.mcu.externaltools.gnu-tools-for-stm32.12.3.rel1.macos64_1.0.200.202406191456/tools/bin/../lib/gcc/arm-none-eabi/12.3.1/thumb/v6-m/nofp/libgcc.a(floatunsisf.o)
 .debug_frame   0x000033fc       0x2c /Applications/STM32CubeIDE.app/Contents/Eclipse/plugins/com.st.stm32cube.ide.mcu.externaltools.gnu-tools-for-stm32.12.3.rel1.macos64_1.0.200.202406191456/tools/bin/../lib/gcc/arm-none-eabi/12.3.1/thumb/v6-m/nofp/libgcc.a(eqsf2.o)
 .debug_frame   0x00003428       0x2c /Applications/STM32CubeIDE.app/Contents/Eclipse/plugins/com.st.stm32cube.ide.mcu.externaltools.gnu-tools-for-stm32.12.3.rel1.macos64_1.0.200.202406191456/tools/bin/../lib/gcc/arm-none-eabi/12.3.1/thumb/v6-m/nofp/libgcc.a(gesf2.o)
 .debug_frame   0x00003454       0x2c /Applications/STM32CubeIDE.app/Contents/Eclipse/plugins/com.st.stm32cube.ide.mcu.externaltools.gnu-tools-for-stm32.12.3.rel1.macos64_1.0.200.202406191456/tools/bin/../lib/gcc/arm-none-eabi/12.3.1/thumb/v6-m/nofp/libgcc.a(lesf2.o)

.debug_line_str
                0x00000000       0x5a
 .debug_line_str
                0x00000000       0x5a ./Core/Startup/startup_stm32f042k6tx.o
